00:00.786  blend            | Read blend: "/Users/frankqdwang/MLE/StoryOS-blender/assets/source/makehuman-hands.blend"
t 0.8 wrist angle 24.5 normal [-0.239249, 0.0, 0.970958] tipzspread cm 2.0
[('1', [0.317068, -0.586988, 0.184245], None), ('2', [0.310749, -0.485549, 0.159628], 0.020497587013244865), ('3', [0.263951, -0.45423, 0.149061], 0.9234687951087953), ('4', [0.220299, -0.464221, 0.13531], 1.9180036571502685), ('5', [0.188124, -0.501432, 0.11887], 3.3373612370967862)]
t 1.0 wrist angle 25.4 normal [-0.23925, 0.0, 0.970958] tipzspread cm 1.99
[('1', [0.314671, -0.588138, 0.183591], None), ('2', [0.310446, -0.486493, 0.159514], 0.032479002761841055), ('3', [0.264196, -0.454225, 0.149172], 0.9181055214881899), ('4', [0.220359, -0.463283, 0.135314], 1.9171220567703249), ('5', [0.187471, -0.499738, 0.118597], 3.2860276606559755)]
t 1.3 wrist angle 24.9 normal [-0.239249, -0.0, 0.970958] tipzspread cm 1.85
[('1', [0.28806, -0.597071, 0.17639], None), ('2', [0.306095, -0.496072, 0.158042], 0.17586921720504783), ('3', [0.26677, -0.454494, 0.150338], 0.8624541905403139), ('4', [0.222134, -0.453434, 0.13562], 1.8884430315971374), ('5', [0.18271, -0.480949, 0.116204], 3.4635780480384826)]
t 1.5 wrist angle 28.9 normal [-0.239249, 0.0, 0.970958] tipzspread cm 1.69
[('1', [0.267244, -0.599697, 0.170817], None), ('2', [0.301553, -0.502553, 0.156652], 0.3995501425743105), ('3', [0.268628, -0.455076, 0.151191], 0.8227416542053225), ('4', [0.224819, -0.446371, 0.136158], 1.8441076186180116), ('5', [0.181868, -0.466265, 0.115048], 3.5655661967277528)]
t 1.7 wrist angle 36.0 normal [-0.239249, -0.0, 0.970958] tipzspread cm 1.6
[('1', [0.257729, -0.599712, 0.168282], None), ('2', [0.299159, -0.50524, 0.155947], 0.6165146973609926), ('3', [0.269435, -0.455443, 0.151567], 0.7972513702392581), ('4', [0.226405, -0.443318, 0.136485], 1.8143382575988771), ('5', [0.182282, -0.459561, 0.114711], 3.5952735510349276)]
t 1.8333333333333333 wrist angle 35.5 normal [-0.239177, -0.0, 0.970976] tipzspread cm 1.58
[('1', [0.229934, -0.621433, 0.142531], None), ('2', [0.273545, -0.526518, 0.128928], None), ('3', [0.243593, -0.477116, 0.12464], 3.015599813747406), ('4', [0.200643, -0.464892, 0.109807], 4.0194909360885624), ('5', [0.156395, -0.481184, 0.088555], 5.752117475557327)]
t 1.9333333333333333 wrist angle 32.4 normal [-0.175302, -0.0, 0.984515] tipzspread cm 1.08
[('1', [0.129734, -0.693135, 0.025237], None), ('2', [0.179084, -0.596919, 0.003756], None), ('3', [0.148273, -0.548789, 0.001981], None), ('4', [0.104786, -0.536232, -0.009303], None), ('5', [0.059015, -0.552631, -0.02596], None)]
t 2.1 wrist angle 27.4 normal [0.128249, -0.0, 0.991742] tipzspread cm 0.95
[('1', [-0.078719, -0.780848, -0.172284], None), ('2', [-0.032812, -0.683444, -0.216618], None), ('3', [-0.062963, -0.636762, -0.207858], None), ('4', [-0.107201, -0.623793, -0.205032], None), ('5', [-0.155464, -0.640236, -0.205348], None)]
t 2.3 wrist angle 26.8 normal [0.566248, 0.000137, 0.824235] tipzspread cm 3.67
[('1', [-0.335695, -0.83284, -0.258031], None), ('2', [-0.315822, -0.734957, -0.317901], None), ('3', [-0.339034, -0.688572, -0.296113], None), ('4', [-0.377222, -0.676027, -0.273363], None), ('5', [-0.42019, -0.692927, -0.251731], None)]
Blender 5.2.1 LTS (hash 9e2066aef7ef built 2026-08-25 01:35:57)

Blender quit
