00:00.531  blend            | Read blend: "/Users/frankqdwang/MLE/StoryOS-blender/assets/source/makehuman-hands.blend"
INFO Draco is available, use library at /Applications/Blender.app/Contents/Resources/5.2/scripts/addons_core/io_scene_gltf2/libbf_intern_draco_bridge.dylib
INFO MeshOptimizer is available, use library at /Applications/Blender.app/Contents/Resources/5.2/scripts/addons_core/io_scene_gltf2/libbf_intern_meshopt_bridge.dylib
19:06:48 | INFO: Starting glTF 2.0 export
19:06:48 | INFO: Extracting primitive: LeftBorderPiping
19:06:48 | INFO: Primitives created: 1
19:06:48 | INFO: Extracting primitive: LeftCelestialCuff
19:06:48 | INFO: Primitives created: 1
19:06:48 | INFO: Extracting primitive: LeftCuffFacing
19:06:48 | INFO: Primitives created: 2
19:06:48 | INFO: Extracting primitive: LeftHemPiping
19:06:48 | INFO: Primitives created: 1
19:06:48 | INFO: Extracting primitive: LeftOuterRobe
19:06:48 | INFO: Primitives created: 2
19:06:48 | INFO: Extracting primitive: base.003
19:06:48 | INFO: Primitives created: 1
19:06:48 | WARNING: There are more than 4 joint vertex influences.The 4 with highest weight will be used (and normalized).
19:06:48 | INFO: Extracting primitive: RightBorderPiping
19:06:48 | INFO: Primitives created: 1
19:06:48 | INFO: Extracting primitive: RightCelestialCuff
19:06:48 | INFO: Primitives created: 1
19:06:48 | INFO: Extracting primitive: RightCuffFacing
19:06:48 | INFO: Primitives created: 2
19:06:48 | INFO: Extracting primitive: RightHemPiping
19:06:48 | INFO: Primitives created: 1
19:06:48 | INFO: Extracting primitive: RightOuterRobe
19:06:48 | INFO: Primitives created: 2
19:06:48 | INFO: Extracting primitive: base.002
19:06:48 | INFO: Primitives created: 1
19:06:49 | INFO: Finished glTF 2.0 export in 0.761991024017334 s

Blender 5.2.1 LTS (hash 9e2066aef7ef built 2026-08-25 01:35:57)

Blender quit
