00:00.583  blend            | Read blend: "/Users/frankqdwang/MLE/StoryOS-blender/assets/source/makehuman-hands.blend"
MODIFIERS [('ARMATURE', 'Original MakeHuman skinning')]
BONES [('lowerarm02.R', None), ('wrist.R', 'lowerarm02.R'), ('finger1-1.R', 'wrist.R'), ('finger1-2.R', 'finger1-1.R'), ('finger1-3.R', 'finger1-2.R'), ('metacarpal1.R', 'wrist.R'), ('finger2-1.R', 'metacarpal1.R'), ('finger2-2.R', 'finger2-1.R'), ('finger2-3.R', 'finger2-2.R'), ('metacarpal2.R', 'wrist.R'), ('finger3-1.R', 'metacarpal2.R'), ('finger3-2.R', 'finger3-1.R'), ('finger3-3.R', 'finger3-2.R'), ('metacarpal3.R', 'wrist.R'), ('finger4-1.R', 'metacarpal3.R'), ('finger4-2.R', 'finger4-1.R'), ('finger4-3.R', 'finger4-2.R'), ('metacarpal4.R', 'wrist.R'), ('finger5-1.R', 'metacarpal4.R'), ('finger5-2.R', 'finger5-1.R'), ('finger5-3.R', 'finger5-2.R'), ('robe_00_00.R', 'lowerarm02.R'), ('robe_00_01.R', 'lowerarm02.R'), ('robe_00_02.R', 'lowerarm02.R'), ('robe_00_03.R', 'lowerarm02.R'), ('robe_00_04.R', 'lowerarm02.R'), ('robe_00_05.R', 'lowerarm02.R'), ('robe_01_00.R', 'lowerarm02.R'), ('robe_01_01.R', 'lowerarm02.R'), ('robe_01_02.R', 'lowerarm02.R'), ('robe_01_03.R', 'lowerarm02.R'), ('robe_01_04.R', 'lowerarm02.R'), ('robe_01_05.R', 'lowerarm02.R'), ('robe_02_00.R', 'lowerarm02.R'), ('robe_02_01.R', 'lowerarm02.R'), ('robe_02_02.R', 'lowerarm02.R'), ('robe_02_03.R', 'lowerarm02.R'), ('robe_02_04.R', 'lowerarm02.R'), ('robe_02_05.R', 'lowerarm02.R'), ('robe_03_00.R', 'lowerarm02.R'), ('robe_03_01.R', 'lowerarm02.R'), ('robe_03_02.R', 'lowerarm02.R'), ('robe_03_03.R', 'lowerarm02.R'), ('robe_03_04.R', 'lowerarm02.R'), ('robe_03_05.R', 'lowerarm02.R')]
CAPS [357, 384, 412, 384, 400]
REST 1 head [-0.08258652687072754, 0.09603133797645569, -0.05520200729370117] tail [-0.09190773963928223, 0.12494179606437683, -0.07512962818145752]
REST 2 head [-0.04149425029754639, 0.19340601563453674, -0.02955949306488037] tail [-0.04446917772293091, 0.22156968712806702, -0.050118207931518555]
REST 3 head [0.008433938026428223, 0.20716068148612976, -0.03045821189880371] tail [0.011814653873443604, 0.2362445890903473, -0.049898743629455566]
REST 4 head [0.04415428638458252, 0.18975117802619934, -0.024914264678955078] tail [0.053517818450927734, 0.21769419312477112, -0.04336392879486084]
REST 5 head [0.06721419095993042, 0.15287235379219055, -0.027110695838928223] tail [0.07630664110183716, 0.17306461930274963, -0.0405726432800293]
PROBE 0.8 1 [0, 0, 0] tip [0.2541080713272095, -0.5480415225028992, 0.15748558938503265] axis [-0.24709421396255493, 0.8154981136322021, 0.5233614444732666] angle 31.558001861178738
PROBE 0.8 1 [-0.2, 0, 0] tip [0.25442421436309814, -0.535851001739502, 0.1406385749578476] axis [-0.22990883886814117, 0.9065213799476624, 0.35406339168548584] angle 20.73605274245255
PROBE 0.8 1 [0.1, -0.35, -0.25] tip [0.25848865509033203, -0.5399695634841919, 0.1340891271829605] axis [-0.1706269085407257, 0.9819519519805908, 0.08158870041370392] angle 4.679890132618648
PROBE 0.8 2 [0, 0, 0] tip [0.29629963636398315, -0.4753148555755615, 0.13741916418075562] axis [0.11052469909191132, 0.7668251991271973, 0.6322684288024902] angle 39.217682096370936
PROBE 0.8 2 [-0.2, 0, 0] tip [0.3021257519721985, -0.46844667196273804, 0.12019440531730652] axis [0.17290936410427094, 0.8650679588317871, 0.470913827419281] angle 28.09363141240889
PROBE 0.8 2 [0.1, -0.35, -0.25] tip [0.30275246500968933, -0.46748149394989014, 0.11855309456586838] axis [0.25884324312210083, 0.9455378651618958, 0.1973785012960434] angle 11.383702627277211
PROBE 0.8 3 [0, 0, 0] tip [0.2546564042568207, -0.4472590386867523, 0.1269320547580719] axis [0.015882277861237526, 0.8189845681190491, 0.5735957026481628] angle 35.00134759671214
PROBE 0.8 3 [-0.2, 0, 0] tip [0.2620219588279724, -0.4397391676902771, 0.10676299780607224] axis [0.0846526250243187, 0.9082093834877014, 0.4098653793334961] angle 24.196378423183834
PROBE 0.8 3 [0.1, -0.35, -0.25] tip [0.2616225779056549, -0.44060370326042175, 0.10726591944694519] axis [0.1740257889032364, 0.9755505919456482, 0.1342242807149887] angle 7.713766204452809
PROBE 0.8 4 [0, 0, 0] tip [0.21964620053768158, -0.45297202467918396, 0.11157502233982086] axis [-0.08034448325634003, 0.8462390899658203, 0.5267106890678406] angle 31.783477550932872
PROBE 0.8 4 [-0.2, 0, 0] tip [0.22668881714344025, -0.44657212495803833, 0.09367791563272476] axis [-0.007416101172566414, 0.929262638092041, 0.369345098733902] angle 21.675233501219818
PROBE 0.8 4 [0.1, -0.35, -0.25] tip [0.22672902047634125, -0.44684410095214844, 0.09306076169013977] axis [0.08356998860836029, 0.9911260008811951, 0.10336961597204208] angle 5.933241279934768
PROBE 0.8 5 [0, 0, 0] tip [0.19031547009944916, -0.4881402254104614, 0.10147298872470856] axis [-0.0770934596657753, 0.8531172275543213, 0.5159918665885925] angle 31.06377579954013
PROBE 0.8 5 [-0.2, 0, 0] tip [0.19585418701171875, -0.483096182346344, 0.08997098356485367] axis [0.0017255308339372277, 0.9308781623840332, 0.3653255105018616] angle 21.427616544994542
PROBE 0.8 5 [0.1, -0.35, -0.25] tip [0.19574156403541565, -0.4837125539779663, 0.08908670395612717] axis [0.09638538956642151, 0.9894096851348877, 0.10852821916341782] angle 6.230480804431537
FIT 0.8 q [-0.2695, -0.0895, 0.04999999999999999, -0.0675, -0.1, -0.09500000000000001, 0.053000000000000005, -0.076, -0.173, -0.07999999999999996, 0.0049999999999999906, -0.115, -0.0020349999999999843, 0.044364999999999995, -0.075, 0.06] score 0.6788065059271697
FITDIGIT 2 {'pad_top_centroid': [0.3026494939505505, -0.48477777875110717, 0.15878406307514065], 'distal_angle': 22.088726279041108, 'actual_joint_axis_angle_signed': [7.611152999712009, 10.654658826886656], 'tip': [0.3056231737136841, -0.4681776463985443, 0.15458132326602936], 'skin_bounds': [[0.2880271437764272, 0.3115032653443992], [-0.5026873202189763, -0.46750047224381475], [0.13801279505320896, 0.15999867453953148]]}
FITDIGIT 3 {'pad_top_centroid': [0.26439362024814383, -0.4634576149921009, 0.16079049322668673], 'distal_angle': 21.597784684444708, 'actual_joint_axis_angle_signed': [3.638949339298489, 2.7512902708008156], 'tip': [0.26693397760391235, -0.44395366311073303, 0.1572096347808838], 'skin_bounds': [[0.25171229212300356, 0.2748740281068509], [-0.4773768120170496, -0.4450598588821727], [0.14182143182993254, 0.16191471843985933]]}
FITDIGIT 4 {'pad_top_centroid': [0.22242304872899613, -0.4668861150510184, 0.1553051443627636], 'distal_angle': 21.881135433140383, 'actual_joint_axis_angle_signed': [5.767417284687467, -3.6997819922543846], 'tip': [0.2217203676700592, -0.4525010585784912, 0.15170592069625854], 'skin_bounds': [[0.21081758614441823, 0.23060809327277476], [-0.4842469805531686, -0.4508180391057364], [0.13658838821435024, 0.15636718716104586]]}
FITDIGIT 5 {'pad_top_centroid': [0.193498057182263, -0.4986223122042946, 0.14338993807680647], 'distal_angle': 21.92105118111722, 'actual_joint_axis_angle_signed': [10.637208547330921, -6.66673932807976], 'tip': [0.1936882734298706, -0.48689839243888855, 0.139280304312706], 'skin_bounds': [[0.18384516667261158, 0.20060073288906546], [-0.5123692354476019, -0.4861173887994732], [0.12739947294922757, 0.14477004361997498]]}
BLENDER_SKIN_ERROR {'2': 1.4413445384456738e-07, '3': 0.0012682937216927912, '4': 2.1063120143339742e-07, '5': 2.760933680054625e-07}
PROBE 1.7 1 [0, 0, 0] tip [0.19286182522773743, -0.49317464232444763, 0.13675746321678162] axis [-0.15150302648544312, 0.8233655095100403, 0.5469149351119995] angle 33.155620979287626
PROBE 1.7 1 [-0.2, 0, 0] tip [0.19462090730667114, -0.48062604665756226, 0.12026602029800415] axis [-0.12357086688280106, 0.9165852665901184, 0.3802652657032013] angle 22.350114790683627
PROBE 1.7 1 [0.1, -0.35, -0.25] tip [0.19818995893001556, -0.4849998652935028, 0.11359447985887527] axis [-0.05546775087714195, 0.9923866987228394, 0.10996360331773758] angle 6.313217465138122
PROBE 1.7 2 [0, 0, 0] tip [0.24920900166034698, -0.4286555051803589, 0.12017907947301865] axis [0.25344187021255493, 0.7001665830612183, 0.6674833297729492] angle 41.87312288187603
PROBE 1.7 2 [-0.2, 0, 0] tip [0.2563302516937256, -0.4222293794155121, 0.1032734289765358] axis [0.33435142040252686, 0.7920866012573242, 0.5106934905052185] angle 30.710033843029695
PROBE 1.7 2 [0.1, -0.35, -0.25] tip [0.2571389675140381, -0.42132624983787537, 0.10167698562145233] axis [0.4354588985443115, 0.8673776984214783, 0.24089740216732025] angle 13.93951180578946
PROBE 1.7 3 [0, 0, 0] tip [0.2051718384027481, -0.3923056423664093, 0.10910212993621826] axis [0.11001129448413849, 0.7948204278945923, 0.5967898368835449] angle 36.64033095984645
PROBE 1.7 3 [-0.2, 0, 0] tip [0.21339525282382965, -0.385118305683136, 0.08914442360401154] axis [0.18896012008190155, 0.8800995945930481, 0.4355672597885132] angle 25.821394991100487
PROBE 1.7 3 [0.1, -0.35, -0.25] tip [0.21289727091789246, -0.38594457507133484, 0.08962304890155792] axis [0.28601571917533875, 0.9444626569747925, 0.1618189811706543] angle 9.312492184770216
PROBE 1.7 4 [0, 0, 0] tip [0.1697607934474945, -0.3934682309627533, 0.09364628791809082] axis [0.017684806138277054, 0.8344062566757202, 0.5508660078048706] angle 33.426445027422595
PROBE 1.7 4 [-0.2, 0, 0] tip [0.1775294542312622, -0.3874203562736511, 0.07592808455228806] axis [0.10003077238798141, 0.9128633737564087, 0.3958210349082947] angle 23.31718974675434
PROBE 1.7 4 [0.1, -0.35, -0.25] tip [0.1775386929512024, -0.3876773715019226, 0.07530331611633301] axis [0.19803525507450104, 0.9713240265846252, 0.13157406449317932] angle 7.560560954898084
PROBE 1.7 5 [0, 0, 0] tip [0.13655781745910645, -0.42468494176864624, 0.08259016275405884] axis [0.021728698164224625, 0.8411645293235779, 0.5403425097465515] angle 32.70695801195435
PROBE 1.7 5 [-0.2, 0, 0] tip [0.14266449213027954, -0.41999146342277527, 0.07122810184955597] axis [0.10930249840021133, 0.9135201573371887, 0.39183399081230164] angle 23.068663894102052
PROBE 1.7 5 [0.1, -0.35, -0.25] tip [0.1424824446439743, -0.4205649793148041, 0.07032667845487595] axis [0.2105562835931778, 0.9679825305938721, 0.13665971159934998] angle 7.854603933140364
FIT 1.7 q [-0.19, -0.1, -0.05500000000000001, -0.045, -0.04000000000000001, -0.2, 0.09350000000000003, -0.1, -0.21800000000000003, 0.08950000000000002, -0.1, -0.22, -0.05500750000000001, 0.0596075, -0.078, 0.06] score 1.2649351910664859
FITDIGIT 2 {'pad_top_centroid': [0.24727747262018515, -0.4878793778428772, 0.15903488916232375], 'distal_angle': 21.616569478859944, 'actual_joint_axis_angle_signed': [7.068272915893294, 4.666316085287365], 'tip': [0.2524974048137665, -0.4714864492416382, 0.1547032594680786], 'skin_bounds': [[0.23188024891748893, 0.25748889046145607], [-0.5060984527375271, -0.47045902057890043], [0.1385348188917434, 0.1602276055349877]]}
FITDIGIT 3 {'pad_top_centroid': [0.21197819302810147, -0.46310825419053253, 0.1610991201052469], 'distal_angle': 21.963001553189997, 'actual_joint_axis_angle_signed': [5.324505130221528, -3.935321492669097], 'tip': [0.21685191988945007, -0.4439089596271515, 0.15756024420261383], 'skin_bounds': [[0.1982581249712504, 0.22364746189929535], [-0.4773831175270399, -0.4448873737007922], [0.1421585762486759, 0.16216382823725825]]}
FITDIGIT 4 {'pad_top_centroid': [0.17061704438885944, -0.46090123877871575, 0.15350230525191286], 'distal_angle': 22.052416644972837, 'actual_joint_axis_angle_signed': [5.217329216860273, -5.5578478710444355], 'tip': [0.1716788411140442, -0.4465005099773407, 0.14997953176498413], 'skin_bounds': [[0.15766434392428672, 0.17945304357467773], [-0.4779065367888999, -0.44467599237036776], [0.13487966861956757, 0.154600244655514]]}
FITDIGIT 5 {'pad_top_centroid': [0.1363602160097956, -0.4901919050778285, 0.1436540553361385], 'distal_angle': 21.556150194172446, 'actual_joint_axis_angle_signed': [6.103741775834419, -12.249635210357926], 'tip': [0.13819314539432526, -0.4783453047275543, 0.1394127607345581], 'skin_bounds': [[0.125325598084206, 0.14381318498586154], [-0.504393696483263, -0.477439109353028], [0.1278318550753989, 0.1449916290617755]]}
BLENDER_SKIN_ERROR {'2': 2.631464736255346e-07, '3': 0.0019457162919453532, '4': 1.2572143320450012e-07, '5': 2.316609521771556e-07}
Blender 5.2.1 LTS (hash 9e2066aef7ef built 2026-08-25 01:35:57)

Blender quit
