
> assets
> blender --background --factory-startup --python-exit-code 1 --python scripts/build_library.py && python3 scripts/asset_manifest.py

/Users/frankqdwang/MLE/StoryOS-blender/scripts/build_library.py:28: DeprecationWarning: 'Material.use_nodes' is expected to be removed in Blender 6.0
  m=bpy.data.materials.new(n);m.use_nodes=True
INFO Draco is available, use library at /Applications/Blender.app/Contents/Resources/5.2/scripts/addons_core/io_scene_gltf2/libbf_intern_draco_bridge.dylib
INFO MeshOptimizer is available, use library at /Applications/Blender.app/Contents/Resources/5.2/scripts/addons_core/io_scene_gltf2/libbf_intern_meshopt_bridge.dylib
14:42:28 | INFO: Starting glTF 2.0 export
14:42:28 | INFO: Extracting primitive: Cube.142
14:42:28 | INFO: Primitives created: 1
14:42:28 | INFO: Extracting primitive: Cube.108
14:42:28 | INFO: Primitives created: 1
14:42:28 | INFO: Extracting primitive: quill
14:42:28 | INFO: Primitives created: 1
14:42:28 | INFO: Extracting primitive: Cube.144
14:42:28 | INFO: Primitives created: 1
14:42:28 | INFO: Extracting primitive: Cube.001
14:42:28 | INFO: Primitives created: 1
14:42:28 | INFO: Extracting primitive: Sphere.008
14:42:28 | INFO: Primitives created: 1
14:42:28 | INFO: Extracting primitive: Sphere.002
14:42:28 | INFO: Primitives created: 1
14:42:28 | INFO: Extracting primitive: Cube.002
14:42:28 | INFO: Primitives created: 1
14:42:28 | INFO: Extracting primitive: mantel vase
14:42:28 | INFO: Primitives created: 1
14:42:28 | INFO: Extracting primitive: hearthside tapestry
14:42:28 | INFO: Primitives created: 1
14:42:28 | INFO: Extracting primitive: Sphere.003
14:42:28 | INFO: Primitives created: 1
14:42:28 | INFO: Extracting primitive: Cube.115
14:42:28 | INFO: Primitives created: 1
14:42:28 | INFO: Extracting primitive: fir branches
14:42:28 | INFO: Primitives created: 1
14:42:28 | INFO: Extracting primitive: fir branches.099
14:42:28 | INFO: Primitives created: 1
14:42:28 | INFO: Extracting primitive: Sphere
14:42:28 | INFO: Primitives created: 1
14:42:28 | INFO: Extracting primitive: Cube.125
14:42:28 | INFO: Primitives created: 1
14:42:28 | INFO: Extracting primitive: Cube.143
14:42:28 | INFO: Primitives created: 1
14:42:28 | INFO: Extracting primitive: Cube.065
14:42:28 | INFO: Primitives created: 1
14:42:28 | INFO: Extracting primitive: Cube.062
14:42:28 | INFO: Primitives created: 1
14:42:28 | INFO: Extracting primitive: Cylinder.020
14:42:28 | INFO: Primitives created: 1
14:42:28 | INFO: Extracting primitive: Cube.233
14:42:28 | INFO: Primitives created: 1
14:42:28 | INFO: Extracting primitive: woven rug surface
14:42:28 | INFO: Primitives created: 1
14:42:28 | INFO: Finished glTF 2.0 export in 0.20674896240234375 s

14:42:28 | INFO: Starting glTF 2.0 export
14:42:28 | INFO: Extracting primitive: Cube.263
14:42:28 | INFO: Primitives created: 1
14:42:28 | INFO: Extracting primitive: Cube.264
14:42:28 | INFO: Primitives created: 1
14:42:28 | INFO: Extracting primitive: Cube.265
14:42:28 | INFO: Primitives created: 1
14:42:28 | INFO: Extracting primitive: Cube.281
14:42:28 | INFO: Primitives created: 1
14:42:28 | INFO: Extracting primitive: Cube.282
14:42:28 | INFO: Primitives created: 1
14:42:28 | INFO: Extracting primitive: Cube.283
14:42:28 | INFO: Primitives created: 1
14:42:28 | INFO: Extracting primitive: Cube.284
14:42:28 | INFO: Primitives created: 1
14:42:28 | INFO: Extracting primitive: Cube.277
14:42:28 | INFO: Primitives created: 1
14:42:28 | INFO: Extracting primitive: Cube.278
14:42:28 | INFO: Primitives created: 1
14:42:28 | INFO: Extracting primitive: Cube.279
14:42:28 | INFO: Primitives created: 1
14:42:28 | INFO: Extracting primitive: Cube.280
14:42:28 | INFO: Primitives created: 1
14:42:28 | INFO: Extracting primitive: Torus.013
14:42:28 | INFO: Primitives created: 1
14:42:28 | INFO: Extracting primitive: CoverStar
14:42:28 | INFO: Primitives created: 1
14:42:28 | INFO: Extracting primitive: CoverStar.001
14:42:28 | INFO: Primitives created: 1
14:42:28 | INFO: Extracting primitive: CoverStar.002
14:42:28 | INFO: Primitives created: 1
14:42:28 | INFO: Extracting primitive: CoverStar.003
14:42:28 | INFO: Primitives created: 1
14:42:28 | INFO: Extracting primitive: Cube.276
14:42:28 | INFO: Primitives created: 1
14:42:28 | INFO: Extracting primitive: Cube.270
14:42:28 | INFO: Primitives created: 1
14:42:28 | INFO: Extracting primitive: Cube.271
14:42:28 | INFO: Primitives created: 1
14:42:28 | INFO: Extracting primitive: Cube.272
14:42:28 | INFO: Primitives created: 1
14:42:28 | INFO: Extracting primitive: Cube.273
14:42:28 | INFO: Primitives created: 1
14:42:28 | INFO: Extracting primitive: Cube.274
14:42:28 | INFO: Primitives created: 1
14:42:28 | INFO: Extracting primitive: Cube.275
14:42:28 | INFO: Primitives created: 1
14:42:28 | INFO: Extracting primitive: Cube.285
14:42:28 | INFO: Primitives created: 1
14:42:28 | INFO: Extracting primitive: Cube.286
14:42:28 | INFO: Primitives created: 1
14:42:28 | INFO: Extracting primitive: Cube.287
14:42:28 | INFO: Primitives created: 1
14:42:28 | INFO: Extracting primitive: Cube.266
14:42:28 | INFO: Primitives created: 1
14:42:28 | INFO: Extracting primitive: Cube.267
14:42:28 | INFO: Primitives created: 1
14:42:28 | INFO: Extracting primitive: Cube.268
14:42:28 | INFO: Primitives created: 1
14:42:28 | INFO: Extracting primitive: Cube.269
14:42:28 | INFO: Primitives created: 1
14:42:28 | INFO: Finished glTF 2.0 export in 0.02269577980041504 s

14:42:29 | INFO: Starting glTF 2.0 export
14:42:29 | INFO: Extracting primitive: Cube.288
14:42:29 | INFO: Primitives created: 1
14:42:29 | INFO: Extracting primitive: LeftFinger
14:42:29 | INFO: Primitives created: 1
14:42:29 | INFO: Extracting primitive: LeftFinger.001
14:42:29 | INFO: Primitives created: 1
14:42:29 | INFO: Extracting primitive: LeftFinger.002
14:42:29 | INFO: Primitives created: 1
14:42:29 | INFO: Extracting primitive: LeftFinger.003
14:42:29 | INFO: Primitives created: 1
14:42:29 | INFO: Extracting primitive: Sphere.181
14:42:29 | INFO: Primitives created: 1
14:42:29 | INFO: Extracting primitive: LeftThumb
14:42:29 | INFO: Primitives created: 1
14:42:29 | INFO: Extracting primitive: Cube.289
14:42:29 | INFO: Primitives created: 1
14:42:29 | INFO: Extracting primitive: RightFinger
14:42:29 | INFO: Primitives created: 1
14:42:29 | INFO: Extracting primitive: RightFinger.001
14:42:29 | INFO: Primitives created: 1
14:42:29 | INFO: Extracting primitive: RightFinger.002
14:42:29 | INFO: Primitives created: 1
14:42:29 | INFO: Extracting primitive: RightFinger.003
14:42:29 | INFO: Primitives created: 1
14:42:29 | INFO: Extracting primitive: Sphere.182
14:42:29 | INFO: Primitives created: 1
14:42:29 | INFO: Extracting primitive: RightThumb
14:42:29 | INFO: Primitives created: 1
14:42:29 | INFO: Finished glTF 2.0 export in 0.012008190155029297 s
/Users/frankqdwang/MLE/StoryOS-blender/scripts/build_library.py:459: DeprecationWarning: 'World.use_nodes' is expected to be removed in Blender 6.0
  world=bpy.context.scene.world;world.use_nodes=True;next(n for n in world.node_tree.nodes if n.type=='BACKGROUND').inputs[0].default_value=(.07,.11,.19,1);next(n for n in world.node_tree.nodes if n.type=='BACKGROUND').inputs[1].default_value=.24

Info: Packed 3 file(s)
Info: Saved as "storyos-library.blend"
STORYOS_ASSETS_READY {"version": "0.1.2-preview.3", "baseVersion": "v0.1.0-baseline", "change": "Approved open-hearth scene: richer surfaces, layered night window, sparse wall decor and unified walkable layout.", "blender": "5.2.1 LTS", "room": {"width": 9.6, "depth": 12, "height": 4.6}, "slots": [{"index": 0, "position": [-3.65, 1.25, 1.45], "yaw": 0.48}, {"index": 1, "position": [-2.02, 1.25, -3.15], "yaw": 0.18}, {"index": 2, "position": [2.02, 1.25, -3.15], "yaw": -0.18}, {"index": 3, "position": [3.02, 1.25, -1.22], "yaw": -0.36}, {"index": 4, "position": [3.45, 1.25, 1.34], "yaw": -0.52}], "layoutSource": "apps/web/src/room-layout.json", "layout": {"version": "0.1.2-preview.3", "units": "metres; x right, y up, negative z toward window", "room": {"minX": -4.33, "maxX": 4.33, "minZ": -4.16, "maxZ": 6.95, "height": 4.6}, "navigation": {"bodyRadius": 0.25, "eyeHeight": 1.7, "speed": 2}, "home": {"position": [0, 1.85, 5.9], "lookAt": [0, 1.52, -1.6]}, "slots": [{"position": [-3.65, 1.25, 1.45], "yaw": 0.48}, {"position": [-2.02, 1.25, -3.15], "yaw": 0.18}, {"position": [2.02, 1.25, -3.15], "yaw": -0.18}, {"position": [3.02, 1.25, -1.22], "yaw": -0.36}, {"position": [3.45, 1.25, 1.34], "yaw": -0.52}], "lectern": {"halfSize": [0.54, 0.51]}, "table": {"center": [0, 0.6], "radius": 0.92, "topHeight": 1.1}, "fixtures": [{"id": "hearth", "center": [-4.14, -0.9], "halfSize": [0.565, 0.925], "yaw": 0}, {"id": "desk", "center": [0, -3.66], "halfSize": [1.3, 0.59], "yaw": 0}, {"id": "chair", "center": [0, -2.6], "halfSize": [0.41, 0.46], "yaw": 0}, {"id": "hearth-tools", "center": [-4.0, -2.08], "halfSize": [0.22, 0.19], "yaw": 0}, {"id": "log-basket", "center": [-4.05, 0.4], "halfSize": [0.31, 0.3], "yaw": 0}, {"id": "floor-vase", "center": [-3.3, -3.93], "halfSize": [0.25, 0.25], "yaw": 0}]}, "visualTarget": "design/round-04/01-open-hearth.png", "materials": {"Timber": [0.37, 0.21, 0.105], "FloorWood": [0.54, 0.37, 0.215], "WarmPlaster": [0.54, 0.43, 0.32], "Stone": [0.2, 0.24, 0.255]}, "source": "scripts/build_library.py"}
Blender 5.2.1 LTS (hash 9e2066aef7ef built 2026-08-25 01:35:57)

Blender quit
{"assets": 7, "glb_bytes": 12249596}
