
> assets
> blender --background --factory-startup --python-exit-code 1 --python scripts/build_library.py && python3 scripts/asset_manifest.py

/Users/frankqdwang/MLE/StoryOS-blender/scripts/build_library.py:27: DeprecationWarning: 'Material.use_nodes' is expected to be removed in Blender 6.0
  m=bpy.data.materials.new(n);m.use_nodes=True
INFO Draco is available, use library at /Applications/Blender.app/Contents/Resources/5.2/scripts/addons_core/io_scene_gltf2/libbf_intern_draco_bridge.dylib
INFO MeshOptimizer is available, use library at /Applications/Blender.app/Contents/Resources/5.2/scripts/addons_core/io_scene_gltf2/libbf_intern_meshopt_bridge.dylib
12:00:22 | INFO: Starting glTF 2.0 export
12:00:22 | INFO: Extracting primitive: Cube.115
12:00:22 | INFO: Primitives created: 1
12:00:22 | INFO: Extracting primitive: Cube.117
12:00:22 | INFO: Primitives created: 1
12:00:22 | INFO: Extracting primitive: Cube.093
12:00:22 | INFO: Primitives created: 1
12:00:22 | INFO: Extracting primitive: Cube.001
12:00:22 | INFO: Primitives created: 1
12:00:22 | INFO: Extracting primitive: Sphere.001
12:00:22 | INFO: Primitives created: 1
12:00:22 | INFO: Extracting primitive: Cube.002
12:00:22 | INFO: Primitives created: 1
12:00:22 | INFO: Extracting primitive: Cube.097
12:00:22 | INFO: Primitives created: 1
12:00:22 | INFO: Extracting primitive: Sphere
12:00:22 | INFO: Primitives created: 1
12:00:22 | INFO: Extracting primitive: quill
12:00:22 | INFO: Primitives created: 1
12:00:22 | INFO: Extracting primitive: Cube.116
12:00:22 | INFO: Primitives created: 1
12:00:22 | INFO: Extracting primitive: bent crossbeam
12:00:22 | INFO: Primitives created: 1
12:00:22 | INFO: Extracting primitive: Cube.062
12:00:22 | INFO: Primitives created: 1
12:00:22 | INFO: Extracting primitive: Cylinder.002
12:00:22 | INFO: Primitives created: 1
12:00:22 | INFO: Extracting primitive: Cube.127
12:00:22 | INFO: Primitives created: 1
12:00:22 | INFO: Extracting primitive: Cube.110
12:00:22 | INFO: Primitives created: 1
12:00:22 | INFO: Finished glTF 2.0 export in 0.12983202934265137 s

12:00:22 | INFO: Starting glTF 2.0 export
12:00:22 | INFO: Extracting primitive: Cube.145
12:00:22 | INFO: Primitives created: 1
12:00:22 | INFO: Extracting primitive: Cube.146
12:00:22 | INFO: Primitives created: 1
12:00:22 | INFO: Extracting primitive: Cube.147
12:00:22 | INFO: Primitives created: 1
12:00:22 | INFO: Extracting primitive: Cube.163
12:00:22 | INFO: Primitives created: 1
12:00:22 | INFO: Extracting primitive: Cube.164
12:00:22 | INFO: Primitives created: 1
12:00:22 | INFO: Extracting primitive: Cube.165
12:00:22 | INFO: Primitives created: 1
12:00:22 | INFO: Extracting primitive: Cube.166
12:00:22 | INFO: Primitives created: 1
12:00:22 | INFO: Extracting primitive: Cube.159
12:00:22 | INFO: Primitives created: 1
12:00:22 | INFO: Extracting primitive: Cube.160
12:00:22 | INFO: Primitives created: 1
12:00:22 | INFO: Extracting primitive: Cube.161
12:00:22 | INFO: Primitives created: 1
12:00:22 | INFO: Extracting primitive: Cube.162
12:00:22 | INFO: Primitives created: 1
12:00:22 | INFO: Extracting primitive: Torus.003
12:00:22 | INFO: Primitives created: 1
12:00:22 | INFO: Extracting primitive: CoverStar
12:00:22 | INFO: Primitives created: 1
12:00:22 | INFO: Extracting primitive: CoverStar.001
12:00:22 | INFO: Primitives created: 1
12:00:22 | INFO: Extracting primitive: CoverStar.002
12:00:22 | INFO: Primitives created: 1
12:00:22 | INFO: Extracting primitive: CoverStar.003
12:00:22 | INFO: Primitives created: 1
12:00:22 | INFO: Extracting primitive: Cube.158
12:00:22 | INFO: Primitives created: 1
12:00:22 | INFO: Extracting primitive: Cube.152
12:00:22 | INFO: Primitives created: 1
12:00:22 | INFO: Extracting primitive: Cube.153
12:00:22 | INFO: Primitives created: 1
12:00:22 | INFO: Extracting primitive: Cube.154
12:00:22 | INFO: Primitives created: 1
12:00:22 | INFO: Extracting primitive: Cube.155
12:00:22 | INFO: Primitives created: 1
12:00:22 | INFO: Extracting primitive: Cube.156
12:00:22 | INFO: Primitives created: 1
12:00:22 | INFO: Extracting primitive: Cube.157
12:00:22 | INFO: Primitives created: 1
12:00:22 | INFO: Extracting primitive: Cube.167
12:00:22 | INFO: Primitives created: 1
12:00:22 | INFO: Extracting primitive: Cube.168
12:00:22 | INFO: Primitives created: 1
12:00:22 | INFO: Extracting primitive: Cube.169
12:00:22 | INFO: Primitives created: 1
12:00:22 | INFO: Extracting primitive: Cube.148
12:00:22 | INFO: Primitives created: 1
12:00:22 | INFO: Extracting primitive: Cube.149
12:00:22 | INFO: Primitives created: 1
12:00:22 | INFO: Extracting primitive: Cube.150
12:00:22 | INFO: Primitives created: 1
12:00:22 | INFO: Extracting primitive: Cube.151
12:00:22 | INFO: Primitives created: 1
12:00:22 | INFO: Finished glTF 2.0 export in 0.03124213218688965 s

12:00:22 | INFO: Starting glTF 2.0 export
12:00:22 | INFO: Extracting primitive: Cube.170
12:00:22 | INFO: Primitives created: 1
12:00:22 | INFO: Extracting primitive: LeftFinger
12:00:22 | INFO: Primitives created: 1
12:00:22 | INFO: Extracting primitive: LeftFinger.001
12:00:22 | INFO: Primitives created: 1
12:00:22 | INFO: Extracting primitive: LeftFinger.002
12:00:22 | INFO: Primitives created: 1
12:00:22 | INFO: Extracting primitive: LeftFinger.003
12:00:22 | INFO: Primitives created: 1
12:00:22 | INFO: Extracting primitive: Sphere.010
12:00:22 | INFO: Primitives created: 1
12:00:22 | INFO: Extracting primitive: LeftThumb
12:00:22 | INFO: Primitives created: 1
12:00:22 | INFO: Extracting primitive: Cube.171
12:00:22 | INFO: Primitives created: 1
12:00:22 | INFO: Extracting primitive: RightFinger
12:00:22 | INFO: Primitives created: 1
12:00:22 | INFO: Extracting primitive: RightFinger.001
12:00:22 | INFO: Primitives created: 1
12:00:22 | INFO: Extracting primitive: RightFinger.002
12:00:22 | INFO: Primitives created: 1
12:00:22 | INFO: Extracting primitive: RightFinger.003
12:00:22 | INFO: Primitives created: 1
12:00:22 | INFO: Extracting primitive: Sphere.011
12:00:22 | INFO: Primitives created: 1
12:00:22 | INFO: Extracting primitive: RightThumb
12:00:22 | INFO: Primitives created: 1
12:00:22 | INFO: Finished glTF 2.0 export in 0.016232967376708984 s
/Users/frankqdwang/MLE/StoryOS-blender/scripts/build_library.py:280: DeprecationWarning: 'World.use_nodes' is expected to be removed in Blender 6.0
  world=bpy.context.scene.world;world.use_nodes=True;next(n for n in world.node_tree.nodes if n.type=='BACKGROUND').inputs[0].default_value=(.07,.11,.19,1);next(n for n in world.node_tree.nodes if n.type=='BACKGROUND').inputs[1].default_value=.24

Info: Packed 2 file(s)
Info: Saved as "storyos-library.blend"
STORYOS_ASSETS_READY {"version": "0.1.1-preview.1", "baseVersion": "v0.1.0-baseline", "change": "Continuous hearth masonry and arch; baseline layout and interaction restored.", "blender": "5.2.1 LTS", "room": {"width": 9.6, "depth": 12, "height": 4.6}, "slots": [{"index": 0, "position": [-2.85, 1.25, -1.55], "yaw": 0}, {"index": 1, "position": [-2.02, 1.25, -3.52], "yaw": -0.15}, {"index": 2, "position": [2.02, 1.25, -3.52], "yaw": 0.15}, {"index": 3, "position": [3.02, 1.25, -1.22], "yaw": 0.22}, {"index": 4, "position": [3.02, 1.25, 1.34], "yaw": 0.32}], "materials": {"Timber": [0.37, 0.21, 0.105], "FloorWood": [0.54, 0.37, 0.215], "WarmPlaster": [0.54, 0.43, 0.32], "Stone": [0.2, 0.24, 0.255]}, "source": "scripts/build_library.py"}
Blender 5.2.1 LTS (hash 9e2066aef7ef built 2026-08-25 01:35:57)

Blender quit
{"assets": 6, "glb_bytes": 6049352}
