✖ the baked cover lift keeps the right forearm and palm within the reviewed bend envelope (7.130459ms)
ℹ tests 1
ℹ suites 0
ℹ pass 0
ℹ fail 1
ℹ cancelled 0
ℹ skipped 0
ℹ todo 0
ℹ duration_ms 67.655458

✖ failing tests:

test at apps/web/tests/opening-motion.test.mjs:56:1
✖ the baked cover lift keeps the right forearm and palm within the reviewed bend envelope (7.130459ms)
  AssertionError [ERR_ASSERTION]: right wrist bends 45.3 degrees at 1.07s
      at TestContext.<anonymous> (file:///Users/frankqdwang/MLE/StoryOS-blender/apps/web/tests/opening-motion.test.mjs:93:10)
      at Test.runInAsyncScope (node:async_hooks:227:14)
      at Test.run (node:internal/test_runner/test:1306:25)
      at Test.start (node:internal/test_runner/test:1177:17)
      at startSubtestAfterBootstrap (node:internal/test_runner/harness:385:17) {
    generatedMessage: false,
    code: 'ERR_ASSERTION',
    actual: false,
    expected: true,
    operator: '==',
    diff: 'simple'
  }
