{"network":"local","round":0,"version":"baseline","cache":"cold","firstPaint":1872.5999999046326,"firstHand":79.10000002384186,"workspace":3503.600000023842}
{"network":"local","round":0,"version":"baseline","cache":"warm","firstPaint":1192.6000000238419,"firstHand":70.70000004768372,"workspace":3501.399999976158}
{"network":"local","round":0,"version":"candidate","cache":"cold","firstPaint":1260.7000000476837,"firstHand":77.59999990463257,"workspace":3502.0999999046326}
{"network":"local","round":0,"version":"candidate","cache":"warm","firstPaint":1204.4000000953674,"firstHand":72.39999997615814,"workspace":3501.600000023842}
{"network":"local","round":1,"version":"candidate","cache":"cold","firstPaint":1190.6000000238419,"firstHand":74,"workspace":3501.6999999284744}
{"network":"local","round":1,"version":"candidate","cache":"warm","firstPaint":1190,"firstHand":70.40000009536743,"workspace":3501.8000000715256}
{"network":"local","round":1,"version":"baseline","cache":"cold","firstPaint":1166,"firstHand":68.5,"workspace":3501.6999999284744}
{"network":"local","round":1,"version":"baseline","cache":"warm","firstPaint":1136.7999999523163,"firstHand":71,"workspace":3501.7000000476837}
{"network":"local","round":2,"version":"baseline","cache":"cold","firstPaint":1087.3999999761581,"firstHand":70.79999995231628,"workspace":3501.600000023842}
{"network":"local","round":2,"version":"baseline","cache":"warm","firstPaint":1000,"firstHand":61.5,"workspace":3502.7000000476837}
{"network":"local","round":2,"version":"candidate","cache":"cold","firstPaint":1197.2999999523163,"firstHand":71.89999997615814,"workspace":3501.0999999046326}
{"network":"local","round":2,"version":"candidate","cache":"warm","firstPaint":1206.0999999046326,"firstHand":71,"workspace":3501.0999999046326}
{"network":"20mbps-50ms","round":0,"version":"baseline","cache":"cold","firstPaint":19406.200000047684,"firstHand":66,"workspace":3501.600000023842}
{"network":"20mbps-50ms","round":0,"version":"baseline","cache":"warm","firstPaint":1161.8000000715256,"firstHand":66,"workspace":3502.100000023842}
{"network":"20mbps-50ms","round":0,"version":"candidate","cache":"cold","firstPaint":19763.700000047684,"firstHand":68.89999997615814,"workspace":3501.7999999523163}
{"network":"20mbps-50ms","round":0,"version":"candidate","cache":"warm","firstPaint":1151,"firstHand":69,"workspace":3501.3000000715256}
{"network":"20mbps-50ms","round":1,"version":"candidate","cache":"cold","firstPaint":19587.199999928474,"firstHand":72.5,"workspace":3500.9000000953674}
{"network":"20mbps-50ms","round":1,"version":"candidate","cache":"warm","firstPaint":1229.5,"firstHand":75,"workspace":3501.7000000476837}
{"network":"20mbps-50ms","round":1,"version":"baseline","cache":"cold","firstPaint":19737.600000023842,"firstHand":74.80000007152557,"workspace":3502.3000000715256}
{"network":"20mbps-50ms","round":1,"version":"baseline","cache":"warm","firstPaint":1147.5,"firstHand":68.5,"workspace":3502.2999999523163}
{"network":"20mbps-50ms","round":2,"version":"baseline","cache":"cold","firstPaint":19654.5,"firstHand":70.5,"workspace":3502.100000023842}
{"network":"20mbps-50ms","round":2,"version":"baseline","cache":"warm","firstPaint":1263.1000000238419,"firstHand":75.20000004768372,"workspace":3502.100000023842}
{"network":"20mbps-50ms","round":2,"version":"candidate","cache":"cold","firstPaint":19647.100000023842,"firstHand":71.90000009536743,"workspace":3501.100000023842}
{"network":"20mbps-50ms","round":2,"version":"candidate","cache":"warm","firstPaint":1188,"firstHand":70.39999997615814,"workspace":3501.7999999523163}
