{"network":"local","round":0,"version":"baseline","cache":"cold","firstPaint":1183.6000000238419,"firstHand":69.5,"workspace":3502.2000000476837}
{"network":"local","round":0,"version":"baseline","cache":"warm","firstPaint":1120.7999999523163,"firstHand":77.30000007152557,"workspace":3501.7000000476837}
{"network":"local","round":0,"version":"candidate","cache":"cold","firstPaint":1049.4000000953674,"firstHand":75,"workspace":3502.100000023842}
{"network":"local","round":0,"version":"candidate","cache":"warm","firstPaint":1052.7999999523163,"firstHand":72.59999990463257,"workspace":3501}
{"network":"local","round":1,"version":"candidate","cache":"cold","firstPaint":1110.1999999284744,"firstHand":71.19999992847443,"workspace":3501.600000023842}
{"network":"local","round":1,"version":"candidate","cache":"warm","firstPaint":1054.8999999761581,"firstHand":68.10000002384186,"workspace":3501}
{"network":"local","round":1,"version":"baseline","cache":"cold","firstPaint":1068.6000000238419,"firstHand":66.39999997615814,"workspace":3501.5}
{"network":"local","round":1,"version":"baseline","cache":"warm","firstPaint":1080.7000000476837,"firstHand":66.29999995231628,"workspace":3501.1999999284744}
{"network":"local","round":2,"version":"baseline","cache":"cold","firstPaint":982.8999999761581,"firstHand":65.29999995231628,"workspace":3501.399999976158}
{"network":"local","round":2,"version":"baseline","cache":"warm","firstPaint":1030.8000000715256,"firstHand":67.60000002384186,"workspace":3501.399999976158}
{"network":"local","round":2,"version":"candidate","cache":"cold","firstPaint":1005.6000000238419,"firstHand":73.20000004768372,"workspace":3501.899999976158}
{"network":"local","round":2,"version":"candidate","cache":"warm","firstPaint":1067.2000000476837,"firstHand":75.09999990463257,"workspace":3502}
{"network":"20mbps-50ms","round":0,"version":"baseline","cache":"cold","firstPaint":19316.799999952316,"firstHand":69.90000009536743,"workspace":3501.4000000953674}
{"network":"20mbps-50ms","round":0,"version":"baseline","cache":"warm","firstPaint":1078.1000000238419,"firstHand":63.700000047683716,"workspace":3501.399999976158}
{"network":"20mbps-50ms","round":0,"version":"candidate","cache":"cold","firstPaint":19603.700000047684,"firstHand":76.29999995231628,"workspace":3501.2999999523163}
{"network":"20mbps-50ms","round":0,"version":"candidate","cache":"warm","firstPaint":1130.6000000238419,"firstHand":74,"workspace":3501.7000000476837}
{"network":"20mbps-50ms","round":1,"version":"candidate","cache":"cold","firstPaint":19882.600000023842,"firstHand":72.10000002384186,"workspace":3501.5}
{"network":"20mbps-50ms","round":1,"version":"candidate","cache":"warm","firstPaint":1114.5,"firstHand":70,"workspace":3501.100000023842}
{"network":"20mbps-50ms","round":1,"version":"baseline","cache":"cold","firstPaint":19372.600000023842,"firstHand":68.29999995231628,"workspace":3501.7999999523163}
{"network":"20mbps-50ms","round":1,"version":"baseline","cache":"warm","firstPaint":1078.6000000238419,"firstHand":69.29999995231628,"workspace":3501.5}
{"network":"20mbps-50ms","round":2,"version":"baseline","cache":"cold","firstPaint":19293.299999952316,"firstHand":67.60000002384186,"workspace":3501.2000000476837}
{"network":"20mbps-50ms","round":2,"version":"baseline","cache":"warm","firstPaint":1234.4000000953674,"firstHand":122.70000004768372,"workspace":3501.600000023842}
{"network":"20mbps-50ms","round":2,"version":"candidate","cache":"cold","firstPaint":19572.5,"firstHand":146.79999995231628,"workspace":3501.6999999284744}
{"network":"20mbps-50ms","round":2,"version":"candidate","cache":"warm","firstPaint":1111.5,"firstHand":68.60000002384186,"workspace":3501.3000000715256}
