{"network":"local","round":0,"version":"baseline","cache":"cold","firstPaint":1148.7999999523163,"firstHand":68.79999995231628,"workspace":3502.0999999046326}
{"network":"local","round":0,"version":"baseline","cache":"warm","firstPaint":1041.3999999761581,"firstHand":71.80000007152557,"workspace":3501.8000000715256}
{"network":"local","round":0,"version":"candidate","cache":"cold","firstPaint":1050.8000000715256,"firstHand":73.19999992847443,"workspace":3501.600000023842}
{"network":"local","round":0,"version":"candidate","cache":"warm","firstPaint":1052.2999999523163,"firstHand":72.79999995231628,"workspace":3501.7999999523163}
{"network":"local","round":1,"version":"candidate","cache":"cold","firstPaint":1004.7999999523163,"firstHand":70.10000002384186,"workspace":3501.600000023842}
{"network":"local","round":1,"version":"candidate","cache":"warm","firstPaint":1057.7999999523163,"firstHand":73.20000004768372,"workspace":3501.899999976158}
{"network":"local","round":1,"version":"baseline","cache":"cold","firstPaint":1087.3000000715256,"firstHand":68.79999995231628,"workspace":3501.1999999284744}
{"network":"local","round":1,"version":"baseline","cache":"warm","firstPaint":1169.5,"firstHand":70,"workspace":3502.2000000476837}
{"network":"local","round":2,"version":"baseline","cache":"cold","firstPaint":1049,"firstHand":70,"workspace":3502.5}
{"network":"local","round":2,"version":"baseline","cache":"warm","firstPaint":1052.1000000238419,"firstHand":68.29999995231628,"workspace":3501.899999976158}
{"network":"local","round":2,"version":"candidate","cache":"cold","firstPaint":1064.2999999523163,"firstHand":70.70000004768372,"workspace":3501}
{"network":"local","round":2,"version":"candidate","cache":"warm","firstPaint":1049.3000000715256,"firstHand":70,"workspace":3501.1999999284744}
{"network":"20mbps-50ms","round":0,"version":"baseline","cache":"cold","firstPaint":19286.200000047684,"firstHand":67.79999995231628,"workspace":3501.2999999523163}
{"network":"20mbps-50ms","round":0,"version":"baseline","cache":"warm","firstPaint":1143.2000000476837,"firstHand":68.29999995231628,"workspace":3501.600000023842}
{"network":"20mbps-50ms","round":0,"version":"candidate","cache":"cold","firstPaint":19537.400000095367,"firstHand":74.89999997615814,"workspace":3501.5}
{"network":"20mbps-50ms","round":0,"version":"candidate","cache":"warm","firstPaint":1134.1000000238419,"firstHand":73.60000002384186,"workspace":3501.2000000476837}
{"network":"20mbps-50ms","round":1,"version":"candidate","cache":"cold","firstPaint":19556.600000023842,"firstHand":75,"workspace":3501.7999999523163}
{"network":"20mbps-50ms","round":1,"version":"candidate","cache":"warm","firstPaint":1115.7000000476837,"firstHand":71.70000004768372,"workspace":3501.3000000715256}
{"network":"20mbps-50ms","round":1,"version":"baseline","cache":"cold","firstPaint":19303.5,"firstHand":67.69999992847443,"workspace":3502.5}
{"network":"20mbps-50ms","round":1,"version":"baseline","cache":"warm","firstPaint":1091.2999999523163,"firstHand":68.39999997615814,"workspace":3501.5}
{"network":"20mbps-50ms","round":2,"version":"baseline","cache":"cold","firstPaint":19304,"firstHand":66.39999997615814,"workspace":3501.600000023842}
{"network":"20mbps-50ms","round":2,"version":"baseline","cache":"warm","firstPaint":1071.7999999523163,"firstHand":66.10000002384186,"workspace":3501.5}
{"network":"20mbps-50ms","round":2,"version":"candidate","cache":"cold","firstPaint":19632.200000047684,"firstHand":69.39999997615814,"workspace":3501.899999976158}
{"network":"20mbps-50ms","round":2,"version":"candidate","cache":"warm","firstPaint":1111.3000000715256,"firstHand":69.10000002384186,"workspace":3502.7000000476837}
