{"network":"local","round":0,"version":"baseline","cache":"cold","firstPaint":1114.5,"firstHand":71.10000002384186,"workspace":3504.600000023842}
{"network":"local","round":0,"version":"baseline","cache":"warm","firstPaint":1015.5,"firstHand":66.89999997615814,"workspace":3502.5}
{"network":"local","round":0,"version":"candidate","cache":"cold","firstPaint":1077,"firstHand":73.20000004768372,"workspace":3501.899999976158}
{"network":"local","round":0,"version":"candidate","cache":"warm","firstPaint":1049.2999999523163,"firstHand":71.20000004768372,"workspace":3502.5}
{"network":"local","round":1,"version":"candidate","cache":"cold","firstPaint":1042.5,"firstHand":69.39999997615814,"workspace":3502.6999999284744}
{"network":"local","round":1,"version":"candidate","cache":"warm","firstPaint":1079.3999999761581,"firstHand":70.70000004768372,"workspace":3502}
{"network":"local","round":1,"version":"baseline","cache":"cold","firstPaint":1013.6000000238419,"firstHand":65.5,"workspace":3502.399999976158}
{"network":"local","round":1,"version":"baseline","cache":"warm","firstPaint":1035.5,"firstHand":72.5,"workspace":3502.6999999284744}
{"network":"local","round":2,"version":"baseline","cache":"cold","firstPaint":1020.8999999761581,"firstHand":66.70000004768372,"workspace":3502.2999999523163}
{"network":"local","round":2,"version":"baseline","cache":"warm","firstPaint":1051.2000000476837,"firstHand":69.30000007152557,"workspace":3501.5}
{"network":"local","round":2,"version":"candidate","cache":"cold","firstPaint":1015.8000000715256,"firstHand":70.60000002384186,"workspace":3501.2999999523163}
{"network":"local","round":2,"version":"candidate","cache":"warm","firstPaint":1050.8999999761581,"firstHand":72.89999997615814,"workspace":3501.7000000476837}
{"network":"20mbps-50ms","round":0,"version":"baseline","cache":"cold","firstPaint":19346.200000047684,"firstHand":67.60000002384186,"workspace":3502.2999999523163}
{"network":"20mbps-50ms","round":0,"version":"baseline","cache":"warm","firstPaint":1120.6000000238419,"firstHand":70.30000007152557,"workspace":3501.2000000476837}
{"network":"20mbps-50ms","round":0,"version":"candidate","cache":"cold","firstPaint":19602.799999952316,"firstHand":69.5,"workspace":3501.600000023842}
{"network":"20mbps-50ms","round":0,"version":"candidate","cache":"warm","firstPaint":1174.7000000476837,"firstHand":72.89999997615814,"workspace":3501.6999999284744}
{"network":"20mbps-50ms","round":1,"version":"candidate","cache":"cold","firstPaint":19561.399999976158,"firstHand":70.79999995231628,"workspace":3501.1999999284744}
{"network":"20mbps-50ms","round":1,"version":"candidate","cache":"warm","firstPaint":1089.8999999761581,"firstHand":66.69999992847443,"workspace":3501.5}
{"network":"20mbps-50ms","round":1,"version":"baseline","cache":"cold","firstPaint":19259.5,"firstHand":68.80000007152557,"workspace":3502.600000023842}
{"network":"20mbps-50ms","round":1,"version":"baseline","cache":"warm","firstPaint":1101.8000000715256,"firstHand":70.5,"workspace":3502.7999999523163}
{"network":"20mbps-50ms","round":2,"version":"baseline","cache":"cold","firstPaint":19246.299999952316,"firstHand":68.10000002384186,"workspace":3501.7999999523163}
{"network":"20mbps-50ms","round":2,"version":"baseline","cache":"warm","firstPaint":1094.8999999761581,"firstHand":69.80000007152557,"workspace":3502}
{"network":"20mbps-50ms","round":2,"version":"candidate","cache":"cold","firstPaint":19562.5,"firstHand":73.69999992847443,"workspace":3501.399999976158}
{"network":"20mbps-50ms","round":2,"version":"candidate","cache":"warm","firstPaint":1112.1999999284744,"firstHand":67.60000002384186,"workspace":3502}
