{"network":"local","round":0,"version":"baseline","cache":"cold","firstPaint":1155.8000000715256,"firstHand":74.30000007152557,"workspace":3502.600000023842}
{"network":"local","round":0,"version":"baseline","cache":"warm","firstPaint":1046.3999999761581,"firstHand":68.89999997615814,"workspace":3501.5}
{"network":"local","round":0,"version":"candidate","cache":"cold","firstPaint":1057.2000000476837,"firstHand":73.20000004768372,"workspace":3501.5}
{"network":"local","round":0,"version":"candidate","cache":"warm","firstPaint":1037.2000000476837,"firstHand":72.10000002384186,"workspace":3501.2000000476837}
{"network":"local","round":1,"version":"candidate","cache":"cold","firstPaint":1008,"firstHand":69.10000002384186,"workspace":3501.399999976158}
{"network":"local","round":1,"version":"candidate","cache":"warm","firstPaint":1042.8999999761581,"firstHand":68,"workspace":3501.6999999284744}
{"network":"local","round":1,"version":"baseline","cache":"cold","firstPaint":973.5,"firstHand":67.10000002384186,"workspace":3501.899999976158}
{"network":"local","round":1,"version":"baseline","cache":"warm","firstPaint":1067.3999999761581,"firstHand":67.80000007152557,"workspace":3501.5}
{"network":"local","round":2,"version":"baseline","cache":"cold","firstPaint":1067,"firstHand":71.39999997615814,"workspace":3501.7000000476837}
{"network":"local","round":2,"version":"baseline","cache":"warm","firstPaint":1012.1000000238419,"firstHand":67.60000002384186,"workspace":3502.1999999284744}
{"network":"local","round":2,"version":"candidate","cache":"cold","firstPaint":1023.5,"firstHand":72.30000007152557,"workspace":3501.7000000476837}
{"network":"local","round":2,"version":"candidate","cache":"warm","firstPaint":1125.2000000476837,"firstHand":72.60000002384186,"workspace":3501}
{"network":"20mbps-50ms","round":0,"version":"baseline","cache":"cold","firstPaint":19371.700000047684,"firstHand":64.79999995231628,"workspace":3501.2000000476837}
{"network":"20mbps-50ms","round":0,"version":"baseline","cache":"warm","firstPaint":1109.7000000476837,"firstHand":68.10000002384186,"workspace":3501.2999999523163}
{"network":"20mbps-50ms","round":0,"version":"candidate","cache":"cold","firstPaint":19680.299999952316,"firstHand":68.5,"workspace":3501}
{"network":"20mbps-50ms","round":0,"version":"candidate","cache":"warm","firstPaint":1157.3000000715256,"firstHand":74.39999997615814,"workspace":3501.399999976158}
{"network":"20mbps-50ms","round":1,"version":"candidate","cache":"cold","firstPaint":19563.5,"firstHand":70.30000007152557,"workspace":3501.8000000715256}
{"network":"20mbps-50ms","round":1,"version":"candidate","cache":"warm","firstPaint":1113.3999999761581,"firstHand":69,"workspace":3501.2000000476837}
{"network":"20mbps-50ms","round":1,"version":"baseline","cache":"cold","firstPaint":19442.200000047684,"firstHand":67,"workspace":3501.7999999523163}
{"network":"20mbps-50ms","round":1,"version":"baseline","cache":"warm","firstPaint":1060.1000000238419,"firstHand":63.10000002384186,"workspace":3501.600000023842}
