/Users/frankqdwang/MLE/StoryOS-blender/scripts/build_library.py:28: DeprecationWarning: 'Material.use_nodes' is expected to be removed in Blender 6.0
  m=bpy.data.materials.new(n);m.use_nodes=True
INFO Draco is available, use library at /Applications/Blender.app/Contents/Resources/5.2/scripts/addons_core/io_scene_gltf2/libbf_intern_draco_bridge.dylib
INFO MeshOptimizer is available, use library at /Applications/Blender.app/Contents/Resources/5.2/scripts/addons_core/io_scene_gltf2/libbf_intern_meshopt_bridge.dylib
18:01:26 | INFO: Starting glTF 2.0 export
18:01:26 | INFO: Extracting primitive: Sphere.004
18:01:26 | INFO: Primitives created: 1
18:01:26 | INFO: Extracting primitive: Cube.189
18:01:26 | INFO: Primitives created: 1
18:01:26 | INFO: Extracting primitive: quill
18:01:26 | INFO: Primitives created: 1
18:01:26 | INFO: Extracting primitive: Cylinder.027
18:01:26 | INFO: Primitives created: 1
18:01:26 | INFO: Extracting primitive: Cube.001
18:01:26 | INFO: Primitives created: 1
18:01:26 | INFO: Extracting primitive: Sphere.006
18:01:26 | INFO: Primitives created: 1
18:01:26 | INFO: Extracting primitive: Sphere.005
18:01:26 | INFO: Primitives created: 1
18:01:26 | INFO: Extracting primitive: Cube.002
18:01:26 | INFO: Primitives created: 1
18:01:26 | INFO: Extracting primitive: desk vase
18:01:26 | INFO: Primitives created: 1
18:01:26 | INFO: Extracting primitive: hearthside tapestry
18:01:26 | INFO: Primitives created: 1
18:01:26 | INFO: Extracting primitive: Sphere.062
18:01:26 | INFO: Primitives created: 1
18:01:26 | INFO: Extracting primitive: Cube.196
18:01:26 | INFO: Primitives created: 1
18:01:26 | INFO: Extracting primitive: fir branches
18:01:26 | INFO: Primitives created: 1
18:01:26 | INFO: Extracting primitive: fir branches.117
18:01:26 | INFO: Primitives created: 1
18:01:26 | INFO: Extracting primitive: Sphere
18:01:26 | INFO: Primitives created: 1
18:01:26 | INFO: Extracting primitive: Cube.207
18:01:26 | INFO: Primitives created: 1
18:01:26 | INFO: Extracting primitive: Cube.199
18:01:26 | INFO: Primitives created: 1
18:01:26 | INFO: Extracting primitive: Cube.225
18:01:26 | INFO: Primitives created: 1
18:01:26 | INFO: Extracting primitive: Cube.146
18:01:26 | INFO: Primitives created: 1
18:01:26 | INFO: Extracting primitive: Cube.143
18:01:26 | INFO: Primitives created: 1
18:01:26 | INFO: Extracting primitive: Cylinder.026
18:01:26 | INFO: Primitives created: 1
18:01:26 | INFO: Extracting primitive: Cube.315
18:01:26 | INFO: Primitives created: 1
18:01:26 | INFO: Extracting primitive: woven rug surface
18:01:26 | INFO: Primitives created: 1
18:01:26 | INFO: Finished glTF 2.0 export in 0.26312708854675293 s

18:01:26 | INFO: Starting glTF 2.0 export
18:01:26 | INFO: Extracting primitive: Cube.350
18:01:26 | INFO: Primitives created: 1
18:01:26 | INFO: Extracting primitive: Cube.351
18:01:26 | INFO: Primitives created: 1
18:01:26 | INFO: Extracting primitive: Cube.352
18:01:26 | INFO: Primitives created: 1
18:01:26 | INFO: Extracting primitive: Cube.368
18:01:26 | INFO: Primitives created: 1
18:01:26 | INFO: Extracting primitive: Cube.369
18:01:26 | INFO: Primitives created: 1
18:01:26 | INFO: Extracting primitive: Cube.370
18:01:26 | INFO: Primitives created: 1
18:01:26 | INFO: Extracting primitive: Cube.371
18:01:26 | INFO: Primitives created: 1
18:01:26 | INFO: Extracting primitive: Cube.364
18:01:26 | INFO: Primitives created: 1
18:01:26 | INFO: Extracting primitive: Cube.365
18:01:26 | INFO: Primitives created: 1
18:01:26 | INFO: Extracting primitive: Cube.366
18:01:26 | INFO: Primitives created: 1
18:01:26 | INFO: Extracting primitive: Cube.367
18:01:26 | INFO: Primitives created: 1
18:01:26 | INFO: Extracting primitive: Torus.014
18:01:26 | INFO: Primitives created: 1
18:01:26 | INFO: Extracting primitive: CoverStar
18:01:26 | INFO: Primitives created: 1
18:01:26 | INFO: Extracting primitive: CoverStar.001
18:01:26 | INFO: Primitives created: 1
18:01:26 | INFO: Extracting primitive: CoverStar.002
18:01:26 | INFO: Primitives created: 1
18:01:26 | INFO: Extracting primitive: CoverStar.003
18:01:26 | INFO: Primitives created: 1
18:01:26 | INFO: Extracting primitive: Cube.363
18:01:26 | INFO: Primitives created: 1
18:01:26 | INFO: Extracting primitive: Cube.357
18:01:26 | INFO: Primitives created: 1
18:01:26 | INFO: Extracting primitive: Cube.358
18:01:26 | INFO: Primitives created: 1
18:01:26 | INFO: Extracting primitive: Cube.359
18:01:26 | INFO: Primitives created: 1
18:01:26 | INFO: Extracting primitive: Cube.360
18:01:26 | INFO: Primitives created: 1
18:01:26 | INFO: Extracting primitive: Cube.361
18:01:26 | INFO: Primitives created: 1
18:01:26 | INFO: Extracting primitive: Cube.362
18:01:26 | INFO: Primitives created: 1
18:01:26 | INFO: Extracting primitive: Cube.372
18:01:26 | INFO: Primitives created: 1
18:01:26 | INFO: Extracting primitive: Cube.373
18:01:26 | INFO: Primitives created: 1
18:01:26 | INFO: Extracting primitive: Cube.374
18:01:26 | INFO: Primitives created: 1
18:01:26 | INFO: Extracting primitive: Cube.353
18:01:26 | INFO: Primitives created: 1
18:01:26 | INFO: Extracting primitive: Cube.354
18:01:26 | INFO: Primitives created: 1
18:01:26 | INFO: Extracting primitive: Cube.355
18:01:26 | INFO: Primitives created: 1
18:01:26 | INFO: Extracting primitive: Cube.356
18:01:26 | INFO: Primitives created: 1
18:01:26 | INFO: Finished glTF 2.0 export in 0.024988174438476562 s

18:01:26 | INFO: Starting glTF 2.0 export
18:01:26 | INFO: Extracting primitive: Cube.375
18:01:26 | INFO: Primitives created: 1
18:01:26 | INFO: Extracting primitive: LeftFinger
18:01:26 | INFO: Primitives created: 1
18:01:26 | INFO: Extracting primitive: LeftFinger.001
18:01:26 | INFO: Primitives created: 1
18:01:26 | INFO: Extracting primitive: LeftFinger.002
18:01:26 | INFO: Primitives created: 1
18:01:26 | INFO: Extracting primitive: LeftFinger.003
18:01:26 | INFO: Primitives created: 1
18:01:26 | INFO: Extracting primitive: Sphere.240
18:01:26 | INFO: Primitives created: 1
18:01:26 | INFO: Extracting primitive: LeftThumb
18:01:26 | INFO: Primitives created: 1
18:01:26 | INFO: Extracting primitive: Cube.376
18:01:26 | INFO: Primitives created: 1
18:01:26 | INFO: Extracting primitive: RightFinger
18:01:26 | INFO: Primitives created: 1
18:01:26 | INFO: Extracting primitive: RightFinger.001
18:01:26 | INFO: Primitives created: 1
18:01:26 | INFO: Extracting primitive: RightFinger.002
18:01:26 | INFO: Primitives created: 1
18:01:26 | INFO: Extracting primitive: RightFinger.003
18:01:26 | INFO: Primitives created: 1
18:01:26 | INFO: Extracting primitive: Sphere.241
18:01:26 | INFO: Primitives created: 1
18:01:26 | INFO: Extracting primitive: RightThumb
18:01:26 | INFO: Primitives created: 1
18:01:26 | INFO: Finished glTF 2.0 export in 0.014670133590698242 s
/Users/frankqdwang/MLE/StoryOS-blender/scripts/build_library.py:482: DeprecationWarning: 'World.use_nodes' is expected to be removed in Blender 6.0
  world=bpy.context.scene.world;world.use_nodes=True;next(n for n in world.node_tree.nodes if n.type=='BACKGROUND').inputs[0].default_value=(.07,.11,.19,1);next(n for n in world.node_tree.nodes if n.type=='BACKGROUND').inputs[1].default_value=.24

Info: Packed 4 file(s)
Info: Saved as "storyos-library.blend"
STORYOS_ASSETS_READY {"version": "0.1.3-preview.2", "baseVersion": "v0.1.0-baseline", "change": "Selected A hearth study: side writing nook, lighter reading stands, open center and layered materials/light.", "blender": "5.2.1 LTS", "room": {"width": 9.6, "depth": 12, "height": 4.6}, "slots": [{"index": 0, "position": [-3.858, 1.25, 1.062], "yaw": 0.3490658503988659, "scale": 0.88}, {"index": 1, "position": [-3.638, 1.25, -3.576], "yaw": 0, "scale": 0.95}, {"index": 2, "position": [3.393, 1.25, -1.896], "yaw": 0, "scale": 0.88}, {"index": 3, "position": [3.726, 1.25, -0.023], "yaw": -0.17453292519943295, "scale": 0.93}, {"index": 4, "position": [3.015, 1.25, 2.33], "yaw": -0.3490658503988659, "scale": 0.82}], "layoutSource": "apps/web/src/room-layout.json", "layout": {"version": "0.1.3-preview.2", "units": "metres; x right, y up, negative z toward window", "room": {"minX": -4.33, "maxX": 4.33, "minZ": -4.16, "maxZ": 6.95, "height": 4.6}, "navigation": {"bodyRadius": 0.25, "eyeHeight": 1.7, "speed": 2}, "home": {"position": [0.05224843101489303, 1.662972950514983, 6.56675306227095], "lookAt": [0.05224843101489303, 1.2207809469520896, -3.4332469377290504], "fov": 43.74821936258563}, "slots": [{"position": [-3.858, 1.25, 1.062], "yaw": 0.3490658503988659, "scale": 0.88}, {"position": [-3.638, 1.25, -3.576], "yaw": 0, "scale": 0.95}, {"position": [3.393, 1.25, -1.896], "yaw": 0, "scale": 0.88}, {"position": [3.726, 1.25, -0.023], "yaw": -0.17453292519943295, "scale": 0.93}, {"position": [3.015, 1.25, 2.33], "yaw": -0.3490658503988659, "scale": 0.82}], "lectern": {"halfSize": [0.54, 0.51], "pitch": 0.5}, "table": {"center": [0, 0.6], "radius": 0.92, "topHeight": 1.1}, "rug": {"center": [-0.03, 0.15], "size": [3.65, 3.9]}, "fixtures": [{"id": "hearth", "center": [-4.0, -1.15], "halfSize": [0.565, 0.925], "yaw": 0}, {"id": "desk", "center": [2.37, -3.66], "halfSize": [1.23, 0.59], "yaw": 0}, {"id": "chair", "center": [2.2, -2.8], "halfSize": [0.41, 0.46], "yaw": 0}, {"id": "hearth-tools", "center": [-3.64, 0.1], "halfSize": [0.22, 0.19], "yaw": 0}, {"id": "log-basket", "center": [-4.05, 0.4], "halfSize": [0.31, 0.3], "yaw": 0}, {"id": "floor-vase", "center": [-2.96, -3.93], "halfSize": [0.25, 0.25], "yaw": 0}]}, "visualTarget": "design/round-05/A-hearth-study/final.png", "materials": {"Timber": [0.37, 0.21, 0.105], "ReadingWood": [0.47, 0.29, 0.15], "FloorWood": [0.54, 0.37, 0.215], "WarmPlaster": [0.54, 0.43, 0.32], "Stone": [0.2, 0.24, 0.255]}, "source": "scripts/build_library.py"}
Blender 5.2.1 LTS (hash 9e2066aef7ef built 2026-08-25 01:35:57)

Blender quit
