00:00.851  blend            | Read blend: "/Users/frankqdwang/MLE/StoryOS-blender/assets/source/storyos-library.blend"
BAKE_START room-occlusion
Info: Baking map saved to internal image, save it externally or pack it
BAKE_SAVED room-occlusion 142.9444830417633
BAKE_START room-indirect
Info: Baking map saved to internal image, save it externally or pack it
BAKE_SAVED room-indirect 166.05309796333313
INFO Draco is available, use library at /Applications/Blender.app/Contents/Resources/5.2/scripts/addons_core/io_scene_gltf2/libbf_intern_draco_bridge.dylib
INFO MeshOptimizer is available, use library at /Applications/Blender.app/Contents/Resources/5.2/scripts/addons_core/io_scene_gltf2/libbf_intern_meshopt_bridge.dylib
17:58:29 | INFO: Starting glTF 2.0 export
17:58:29 | INFO: Extracting primitive: Cube.017
17:58:29 | INFO: Primitives created: 1
17:58:29 | INFO: Extracting primitive: Cube.003
17:58:29 | INFO: Primitives created: 1
17:58:29 | INFO: Extracting primitive: Cube.018
17:58:29 | INFO: Primitives created: 1
17:58:29 | INFO: Extracting primitive: Cube.015
17:58:29 | INFO: Primitives created: 1
17:58:29 | INFO: Extracting primitive: Cube.004
17:58:29 | INFO: Primitives created: 1
17:58:29 | INFO: Extracting primitive: Cube.016
17:58:29 | INFO: Primitives created: 1
17:58:29 | INFO: Extracting primitive: Cube.001
17:58:29 | INFO: Primitives created: 1
17:58:29 | INFO: Extracting primitive: Cube.022
17:58:29 | INFO: Primitives created: 1
17:58:29 | INFO: Extracting primitive: Cube.024
17:58:29 | INFO: Primitives created: 1
17:58:29 | INFO: Extracting primitive: Cube.011
17:58:29 | INFO: Primitives created: 1
17:58:29 | INFO: Extracting primitive: Cube.013
17:58:29 | INFO: Primitives created: 1
17:58:29 | INFO: Extracting primitive: Cube.008
17:58:29 | INFO: Primitives created: 1
17:58:29 | INFO: Extracting primitive: Cube.009
17:58:29 | INFO: Primitives created: 1
17:58:29 | INFO: Extracting primitive: Cube.010
17:58:29 | INFO: Primitives created: 1
17:58:29 | INFO: Extracting primitive: Cube.007
17:58:29 | INFO: Primitives created: 1
17:58:29 | INFO: Extracting primitive: Cube.020
17:58:29 | INFO: Primitives created: 1
17:58:29 | INFO: Extracting primitive: Cube.012
17:58:29 | INFO: Primitives created: 1
17:58:29 | INFO: Extracting primitive: Cube.019
17:58:29 | INFO: Primitives created: 1
17:58:29 | INFO: Extracting primitive: Cube.021
17:58:29 | INFO: Primitives created: 1
17:58:29 | INFO: Extracting primitive: Cube.006
17:58:29 | INFO: Primitives created: 1
17:58:29 | INFO: Extracting primitive: Cube.005
17:58:29 | INFO: Primitives created: 1
17:58:29 | INFO: Extracting primitive: Cube.014
17:58:29 | INFO: Primitives created: 1
17:58:29 | INFO: Extracting primitive: Cube.023
17:58:29 | INFO: Primitives created: 1
17:58:29 | INFO: Finished glTF 2.0 export in 0.5495660305023193 s

BAKE_FINISHED {"source": "scripts/bake_room_lighting.py", "source_blend": "assets/source/storyos-library.blend", "version": "0.1.3-preview.2", "atlas_size": 4096, "samples": 32, "device": "Metal", "duration_seconds": 167.67, "passes": ["local ambient occlusion (0.65 m)", "diffuse indirect without albedo or direct light"], "uv": "LightingUV / TEXCOORD_1", "image_paths": ["public/assets/textures/room-occlusion.png", "public/assets/textures/room-indirect.png"], "room_is_full_3d": true}
Blender 5.2.1 LTS (hash 9e2066aef7ef built 2026-08-25 01:35:57)

Blender quit
