00:00.491  blend            | Read blend: "/Users/frankqdwang/MLE/StoryOS-blender/assets/vendor/makehuman/base-human.blend"
/Users/frankqdwang/MLE/StoryOS-blender/scripts/build_makehuman_hands.py:18: DeprecationWarning: 'Material.use_nodes' is expected to be removed in Blender 6.0
  m=bpy.data.materials.new(name); m.diffuse_color=(*color,1); m.use_nodes=True
Info: Baking map saved to internal image, save it externally or pack it
Info: Baking map saved to internal image, save it externally or pack it
Info: Saved as "makehuman-hands.blend"
INFO Draco is available, use library at /Applications/Blender.app/Contents/Resources/5.2/scripts/addons_core/io_scene_gltf2/libbf_intern_draco_bridge.dylib
INFO MeshOptimizer is available, use library at /Applications/Blender.app/Contents/Resources/5.2/scripts/addons_core/io_scene_gltf2/libbf_intern_meshopt_bridge.dylib
14:40:35 | INFO: Starting glTF 2.0 export
14:40:35 | INFO: Extracting primitive: base.003
14:40:35 | INFO: Primitives created: 1
14:40:35 | WARNING: There are more than 4 joint vertex influences.The 4 with highest weight will be used (and normalized).
14:40:35 | INFO: Extracting primitive: LeftSleeve
14:40:35 | INFO: Primitives created: 2
14:40:35 | INFO: Extracting primitive: base.002
14:40:35 | INFO: Primitives created: 1
14:40:35 | INFO: Extracting primitive: RightSleeve
14:40:35 | INFO: Primitives created: 2
14:40:35 | INFO: Finished glTF 2.0 export in 0.2739450931549072 s
00:08.535  render           | Saved: '/Users/frankqdwang/MLE/StoryOS-blender/evidence/v014-free-hands/01-source-anatomy.png'

HANDS [('RightHand', 6893, 21), ('LeftHand', 6893, 21)]
Blender 5.2.1 LTS (hash 9e2066aef7ef built 2026-08-25 01:35:57)

Blender quit
