00:00.506  blend            | Read blend: "/Users/frankqdwang/MLE/StoryOS-blender/assets/source/makehuman-hands.blend"
RightHand [('wrist.R', [0.3400000035762787, -0.574999988079071, 0.3250000476837158], [0.3359275758266449, -0.5351600050926208, 0.32329630851745605]), ('finger1-1.R', [0.31003502011299133, -0.5288635492324829, 0.3215188682079315], [0.30803215503692627, -0.5210002064704895, 0.28433674573898315]), ('finger1-2.R', [0.30803215503692627, -0.5210002064704895, 0.28433674573898315], [0.30911484360694885, -0.5019757151603699, 0.24408158659934998]), ('finger1-3.R', [0.30911484360694885, -0.5019757151603699, 0.24408158659934998], [0.3206247091293335, -0.48952093720436096, 0.21447600424289703]), ('finger2-1.R', [0.3081103265285492, -0.4484030604362488, 0.319377064704895], [0.3051386773586273, -0.4199603796005249, 0.3056683838367462]), ('finger2-2.R', [0.3051386773586273, -0.4199603796005249, 0.3056683838367462], [0.30346688628196716, -0.40395423769950867, 0.282284140586853]), ('finger2-3.R', [0.30346688628196716, -0.40395423769950867, 0.282284140586853], [0.30117517709732056, -0.39475691318511963, 0.25081419944763184]), ('finger3-1.R', [0.3400000035762787, -0.44933271408081055, 0.32500016689300537], [0.3455245792865753, -0.4153602421283722, 0.3020307421684265]), ('finger3-2.R', [0.3455245792865753, -0.4153602421283722, 0.3020307421684265], [0.34792080521583557, -0.40169861912727356, 0.27123260498046875]), ('finger3-3.R', [0.34792080521583557, -0.40169861912727356, 0.27123260498046875], [0.3510957658290863, -0.40000495314598083, 0.2384219765663147])]
LeftHand [('wrist.L', [-0.4219999611377716, -0.5400000214576721, 0.15000002086162567], [-0.4181339144706726, -0.5001600384712219, 0.15213100612163544]), ('finger1-1.L', [-0.40064653754234314, -0.4938635528087616, 0.1713084727525711], [-0.36341068148612976, -0.4860002398490906, 0.1714208424091339]), ('finger1-2.L', [-0.36341068148612976, -0.4860002398490906, 0.1714208424091339], [-0.32326242327690125, -0.46697571873664856, 0.16829562187194824]), ('finger1-3.L', [-0.32326242327690125, -0.46697571873664856, 0.16829562187194824], [-0.29427942633628845, -0.45452094078063965, 0.1552973836660385]), ('finger2-1.L', [-0.3977724015712738, -0.41340306401252747, 0.17148476839065552], [-0.3851867914199829, -0.3849603533744812, 0.16529108583927155]), ('finger2-2.L', [-0.3851867914199829, -0.3849603533744812, 0.16529108583927155], [-0.36583006381988525, -0.36895421147346497, 0.15206477046012878]), ('finger2-3.L', [-0.36583006381988525, -0.36895421147346497, 0.15206477046012878], [-0.33975428342819214, -0.3597568869590759, 0.1342979073524475]), ('finger3-1.L', [-0.42200005054473877, -0.4143327474594116, 0.15000009536743164], [-0.4074416160583496, -0.38036027550697327, 0.13139450550079346]), ('finger3-2.L', [-0.4074416160583496, -0.38036027550697327, 0.13139450550079346], [-0.3848060965538025, -0.36669865250587463, 0.11037303507328033]), ('finger3-3.L', [-0.3848060965538025, -0.36669865250587463, 0.11037303507328033], [-0.3610782325267792, -0.3650049865245819, 0.08749058842658997])]
14:34:12 | INFO: Data are loaded, start creating Blender stuff
14:34:12 | INFO: Blender create Mesh node Cube.263
14:34:12 | INFO: Blender create Mesh node Cube.264
14:34:12 | INFO: Blender create Mesh node Cube.265
14:34:12 | INFO: Blender create Mesh node Cube.281
14:34:12 | INFO: Blender create Mesh node Cube.282
14:34:12 | INFO: Blender create Mesh node Cube.283
14:34:12 | INFO: Blender create Mesh node Cube.284
14:34:12 | INFO: Blender create Mesh node Cube.277
14:34:12 | INFO: Blender create Mesh node Cube.278
14:34:12 | INFO: Blender create Mesh node Cube.279
14:34:12 | INFO: Blender create Mesh node Cube.280
14:34:12 | INFO: Blender create Mesh node Torus.013
14:34:12 | INFO: Blender create Mesh node CoverStar
14:34:12 | INFO: Blender create Mesh node CoverStar.001
14:34:12 | INFO: Blender create Mesh node CoverStar.002
14:34:12 | INFO: Blender create Mesh node CoverStar.003
14:34:12 | INFO: Blender create Mesh node Cube.276
14:34:12 | INFO: Blender create Mesh node Cube.270
14:34:12 | INFO: Blender create Mesh node Cube.271
14:34:12 | INFO: Blender create Mesh node Cube.272
14:34:12 | INFO: Blender create Mesh node Cube.273
14:34:12 | INFO: Blender create Mesh node Cube.274
14:34:12 | INFO: Blender create Mesh node Cube.275
14:34:12 | INFO: Blender create Mesh node Cube.285
14:34:12 | INFO: Blender create Mesh node Cube.286
14:34:12 | INFO: Blender create Mesh node Cube.287
14:34:12 | INFO: Blender create Mesh node Cube.266
14:34:12 | INFO: Blender create Mesh node Cube.267
14:34:12 | INFO: Blender create Mesh node Cube.268
14:34:12 | INFO: Blender create Mesh node Cube.269
14:34:12 | INFO: glTF import finished in 0.02s
CoverPivot location [-0.36500000953674316, -0.0, 0.17000000178813934] bounds [[-0.36500000953674316, 0.0, 0.17000000178813934], [-0.36500000953674316, 0.0, 0.17000000178813934], [-0.36500000953674316, 0.0, 0.17000000178813934], [-0.36500000953674316, 0.0, 0.17000000178813934], [-0.36500000953674316, 0.0, 0.17000000178813934], [-0.36500000953674316, 0.0, 0.17000000178813934], [-0.36500000953674316, 0.0, 0.17000000178813934], [-0.36500000953674316, 0.0, 0.17000000178813934]]
CoverCorner location [0.05500000715255737, -0.41999998688697815, 0.06199999153614044] bounds [[-0.375, -0.48499998450279236, 0.22450000047683716], [-0.375, -0.48499998450279236, 0.2394999861717224], [-0.375, -0.35499998927116394, 0.2394999861717224], [-0.375, -0.35499998927116394, 0.22450000047683716], [-0.24500000476837158, -0.48499998450279236, 0.22450000047683716], [-0.24500000476837158, -0.48499998450279236, 0.2394999861717224], [-0.24500000476837158, -0.35499998927116394, 0.2394999861717224], [-0.24500000476837158, -0.35499998927116394, 0.22450000047683716]]
CoverCorner.001 location [0.05500000715255737, 0.41999998688697815, 0.06199999153614044] bounds [[-0.375, 0.35499998927116394, 0.22450000047683716], [-0.375, 0.35499998927116394, 0.2394999861717224], [-0.375, 0.48499998450279236, 0.2394999861717224], [-0.375, 0.48499998450279236, 0.22450000047683716], [-0.24500000476837158, 0.35499998927116394, 0.22450000047683716], [-0.24500000476837158, 0.35499998927116394, 0.2394999861717224], [-0.24500000476837158, 0.48499998450279236, 0.2394999861717224], [-0.24500000476837158, 0.48499998450279236, 0.22450000047683716]]
CoverCorner.002 location [0.675000011920929, -0.41999998688697815, 0.06199999153614044] bounds [[0.24500000476837158, -0.48499998450279236, 0.22450000047683716], [0.24500000476837158, -0.48499998450279236, 0.2394999861717224], [0.24500000476837158, -0.35499998927116394, 0.2394999861717224], [0.24500000476837158, -0.35499998927116394, 0.22450000047683716], [0.375, -0.48499998450279236, 0.22450000047683716], [0.375, -0.48499998450279236, 0.2394999861717224], [0.375, -0.35499998927116394, 0.2394999861717224], [0.375, -0.35499998927116394, 0.22450000047683716]]
CoverCorner.003 location [0.675000011920929, 0.41999998688697815, 0.06199999153614044] bounds [[0.24500000476837158, 0.35499998927116394, 0.22450000047683716], [0.24500000476837158, 0.35499998927116394, 0.2394999861717224], [0.24500000476837158, 0.48499998450279236, 0.2394999861717224], [0.24500000476837158, 0.48499998450279236, 0.22450000047683716], [0.375, 0.35499998927116394, 0.22450000047683716], [0.375, 0.35499998927116394, 0.2394999861717224], [0.375, 0.48499998450279236, 0.2394999861717224], [0.375, 0.48499998450279236, 0.22450000047683716]]
CoverInlay location [0.06499999761581421, 0.0, 0.05900000035762787] bounds [[-0.304500013589859, -0.41499999165534973, 0.22500000894069672], [-0.304500013589859, -0.41499999165534973, 0.2329999953508377], [-0.304500013589859, 0.41499999165534973, 0.2329999953508377], [-0.304500013589859, 0.41499999165534973, 0.22500000894069672], [-0.2955000102519989, -0.41499999165534973, 0.22500000894069672], [-0.2955000102519989, -0.41499999165534973, 0.2329999953508377], [-0.2955000102519989, 0.41499999165534973, 0.2329999953508377], [-0.2955000102519989, 0.41499999165534973, 0.22500000894069672]]
CoverInlay.001 location [0.6650000214576721, 0.0, 0.05900000035762787] bounds [[0.2955000102519989, -0.41499999165534973, 0.22500000894069672], [0.2955000102519989, -0.41499999165534973, 0.2329999953508377], [0.2955000102519989, 0.41499999165534973, 0.2329999953508377], [0.2955000102519989, 0.41499999165534973, 0.22500000894069672], [0.304500013589859, -0.41499999165534973, 0.22500000894069672], [0.304500013589859, -0.41499999165534973, 0.2329999953508377], [0.304500013589859, 0.41499999165534973, 0.2329999953508377], [0.304500013589859, 0.41499999165534973, 0.22500000894069672]]
CoverInlay.002 location [0.36500000953674316, -0.4099999964237213, 0.05900000035762787] bounds [[-0.30000001192092896, -0.41449999809265137, 0.22500000894069672], [-0.30000001192092896, -0.41449999809265137, 0.2329999953508377], [-0.30000001192092896, -0.40549999475479126, 0.2329999953508377], [-0.30000001192092896, -0.40549999475479126, 0.22500000894069672], [0.30000001192092896, -0.41449999809265137, 0.22500000894069672], [0.30000001192092896, -0.41449999809265137, 0.2329999953508377], [0.30000001192092896, -0.40549999475479126, 0.2329999953508377], [0.30000001192092896, -0.40549999475479126, 0.22500000894069672]]
CoverInlay.003 location [0.36500000953674316, 0.4099999964237213, 0.05900000035762787] bounds [[-0.30000001192092896, 0.40549999475479126, 0.22500000894069672], [-0.30000001192092896, 0.40549999475479126, 0.2329999953508377], [-0.30000001192092896, 0.41449999809265137, 0.2329999953508377], [-0.30000001192092896, 0.41449999809265137, 0.22500000894069672], [0.30000001192092896, 0.40549999475479126, 0.22500000894069672], [0.30000001192092896, 0.40549999475479126, 0.2329999953508377], [0.30000001192092896, 0.41449999809265137, 0.2329999953508377], [0.30000001192092896, 0.41449999809265137, 0.22500000894069672]]
CoverSeal location [0.36500000953674316, 0.0, 0.06700000166893005] bounds [[-0.11299999803304672, -0.11299999803304672, 0.2300717979669571], [-0.11299999803304672, -0.11299999803304672, 0.2439282089471817], [-0.11299999803304672, 0.11299999803304672, 0.2439282089471817], [-0.11299999803304672, 0.11299999803304672, 0.2300717979669571], [0.11299999803304672, -0.11299999803304672, 0.2300717979669571], [0.11299999803304672, -0.11299999803304672, 0.2439282089471817], [0.11299999803304672, 0.11299999803304672, 0.2439282089471817], [0.11299999803304672, 0.11299999803304672, 0.2300717979669571]]
CoverStar location [0.36500000953674316, 0.0, -0.17000000178813934] bounds [[0.0, -0.006000000052154064, 0.23900000751018524], [0.0, -0.006000000052154064, 0.2510000169277191], [0.0, 0.006000000052154064, 0.2510000169277191], [0.0, 0.006000000052154064, 0.23900000751018524], [0.05999999865889549, -0.006000000052154064, 0.23900000751018524], [0.05999999865889549, -0.006000000052154064, 0.2510000169277191], [0.05999999865889549, 0.006000000052154064, 0.2510000169277191], [0.05999999865889549, 0.006000000052154064, 0.23900000751018524]]
CoverStar.001 location [0.36500000953674316, 0.0, -0.17000000178813934] bounds [[-0.0060000005178153515, 0.0, 0.23900000751018524], [-0.0060000005178153515, 0.0, 0.2510000169277191], [-0.0060000005178153515, 0.10999999940395355, 0.2510000169277191], [-0.0060000005178153515, 0.10999999940395355, 0.23900000751018524], [0.0060000005178153515, 0.0, 0.23900000751018524], [0.0060000005178153515, 0.0, 0.2510000169277191], [0.0060000005178153515, 0.10999999940395355, 0.2510000169277191], [0.0060000005178153515, 0.10999999940395355, 0.23900000751018524]]
CoverStar.002 location [0.36500000953674316, 0.0, -0.17000000178813934] bounds [[-0.05999999865889549, -0.006000000052154064, 0.23900000751018524], [-0.05999999865889549, -0.006000000052154064, 0.2510000169277191], [-0.05999999865889549, 0.006000000052154064, 0.2510000169277191], [-0.05999999865889549, 0.006000000052154064, 0.23900000751018524], [1.1641532182693481e-10, -0.006000000052154064, 0.23900000751018524], [1.1641532182693481e-10, -0.006000000052154064, 0.2510000169277191], [1.1641532182693481e-10, 0.006000000052154064, 0.2510000169277191], [1.1641532182693481e-10, 0.006000000052154064, 0.23900000751018524]]
CoverStar.003 location [0.36500000953674316, 0.0, -0.17000000178813934] bounds [[-0.0060000005178153515, -0.10999999940395355, 0.23900000751018524], [-0.0060000005178153515, -0.10999999940395355, 0.2510000169277191], [-0.0060000005178153515, 1.502975670028458e-19, 0.2510000169277191], [-0.0060000005178153515, 1.502975670028458e-19, 0.23900000751018524], [0.0060000005178153515, -0.10999999940395355, 0.23900000751018524], [0.0060000005178153515, -0.10999999940395355, 0.2510000169277191], [0.0060000005178153515, 1.502975670028458e-19, 0.2510000169277191], [0.0060000005178153515, 1.502975670028458e-19, 0.23900000751018524]]
FrontCover location [0.36500000953674316, 0.0, 0.02199999988079071] bounds [[-0.38999998569488525, -0.5, 0.15950000286102295], [-0.38999998569488525, -0.5, 0.22450000047683716], [-0.38999998569488525, 0.5, 0.22450000047683716], [-0.38999998569488525, 0.5, 0.15950000286102295], [0.38999998569488525, -0.5, 0.15950000286102295], [0.38999998569488525, -0.5, 0.22450000047683716], [0.38999998569488525, 0.5, 0.22450000047683716], [0.38999998569488525, 0.5, 0.15950000286102295]]
Blender 5.2.1 LTS (hash 9e2066aef7ef built 2026-08-25 01:35:57)

Blender quit
