
> assets
> blender --background --python scripts/build_library.py

/Users/frankqdwang/MLE/StoryOS-blender/scripts/build_library.py:27: DeprecationWarning: 'Material.use_nodes' is expected to be removed in Blender 6.0
  m=bpy.data.materials.new(n);m.use_nodes=True
INFO Draco is available, use library at /Applications/Blender.app/Contents/Resources/5.2/scripts/addons_core/io_scene_gltf2/libbf_intern_draco_bridge.dylib
INFO MeshOptimizer is available, use library at /Applications/Blender.app/Contents/Resources/5.2/scripts/addons_core/io_scene_gltf2/libbf_intern_meshopt_bridge.dylib
15:12:21 | INFO: Starting glTF 2.0 export
15:12:21 | INFO: Extracting primitive: Cube.115
15:12:21 | INFO: Primitives created: 1
15:12:21 | INFO: Extracting primitive: Cube.117
15:12:21 | INFO: Primitives created: 1
15:12:21 | INFO: Extracting primitive: Cube.093
15:12:21 | INFO: Primitives created: 1
15:12:21 | INFO: Extracting primitive: Cube.001
15:12:21 | INFO: Primitives created: 1
15:12:21 | INFO: Extracting primitive: Sphere.001
15:12:21 | INFO: Primitives created: 1
15:12:21 | INFO: Extracting primitive: Cube.002
15:12:21 | INFO: Primitives created: 1
15:12:21 | INFO: Extracting primitive: Cube.097
15:12:21 | INFO: Primitives created: 1
15:12:21 | INFO: Extracting primitive: Sphere
15:12:21 | INFO: Primitives created: 1
15:12:21 | INFO: Extracting primitive: quill
15:12:21 | INFO: Primitives created: 1
15:12:21 | INFO: Extracting primitive: Cube.116
15:12:21 | INFO: Primitives created: 1
15:12:21 | INFO: Extracting primitive: bent crossbeam
15:12:21 | INFO: Primitives created: 1
15:12:21 | INFO: Extracting primitive: Cube.062
15:12:21 | INFO: Primitives created: 1
15:12:21 | INFO: Extracting primitive: Cylinder.002
15:12:21 | INFO: Primitives created: 1
15:12:21 | INFO: Extracting primitive: Cube.127
15:12:21 | INFO: Primitives created: 1
15:12:21 | INFO: Extracting primitive: Cube.110
15:12:21 | INFO: Primitives created: 1
15:12:21 | INFO: Finished glTF 2.0 export in 0.1148989200592041 s

15:12:21 | INFO: Starting glTF 2.0 export
15:12:21 | INFO: Extracting primitive: Cube.145
15:12:21 | INFO: Primitives created: 1
15:12:21 | INFO: Extracting primitive: Cube.146
15:12:21 | INFO: Primitives created: 1
15:12:21 | INFO: Extracting primitive: Cube.147
15:12:21 | INFO: Primitives created: 1
15:12:21 | INFO: Extracting primitive: Cube.163
15:12:21 | INFO: Primitives created: 1
15:12:21 | INFO: Extracting primitive: Cube.164
15:12:21 | INFO: Primitives created: 1
15:12:21 | INFO: Extracting primitive: Cube.165
15:12:21 | INFO: Primitives created: 1
15:12:21 | INFO: Extracting primitive: Cube.166
15:12:21 | INFO: Primitives created: 1
15:12:21 | INFO: Extracting primitive: Cube.159
15:12:21 | INFO: Primitives created: 1
15:12:21 | INFO: Extracting primitive: Cube.160
15:12:21 | INFO: Primitives created: 1
15:12:21 | INFO: Extracting primitive: Cube.161
15:12:21 | INFO: Primitives created: 1
15:12:21 | INFO: Extracting primitive: Cube.162
15:12:21 | INFO: Primitives created: 1
15:12:21 | INFO: Extracting primitive: Torus.003
15:12:21 | INFO: Primitives created: 1
15:12:21 | INFO: Extracting primitive: CoverStar
15:12:21 | INFO: Primitives created: 1
15:12:21 | INFO: Extracting primitive: CoverStar.001
15:12:21 | INFO: Primitives created: 1
15:12:21 | INFO: Extracting primitive: CoverStar.002
15:12:21 | INFO: Primitives created: 1
15:12:21 | INFO: Extracting primitive: CoverStar.003
15:12:21 | INFO: Primitives created: 1
15:12:21 | INFO: Extracting primitive: Cube.158
15:12:21 | INFO: Primitives created: 1
15:12:21 | INFO: Extracting primitive: Cube.152
15:12:21 | INFO: Primitives created: 1
15:12:21 | INFO: Extracting primitive: Cube.153
15:12:21 | INFO: Primitives created: 1
15:12:21 | INFO: Extracting primitive: Cube.154
15:12:21 | INFO: Primitives created: 1
15:12:21 | INFO: Extracting primitive: Cube.155
15:12:21 | INFO: Primitives created: 1
15:12:21 | INFO: Extracting primitive: Cube.156
15:12:21 | INFO: Primitives created: 1
15:12:21 | INFO: Extracting primitive: Cube.157
15:12:21 | INFO: Primitives created: 1
15:12:21 | INFO: Extracting primitive: Cube.167
15:12:21 | INFO: Primitives created: 1
15:12:21 | INFO: Extracting primitive: Cube.168
15:12:21 | INFO: Primitives created: 1
15:12:21 | INFO: Extracting primitive: Cube.169
15:12:21 | INFO: Primitives created: 1
15:12:21 | INFO: Extracting primitive: Cube.148
15:12:21 | INFO: Primitives created: 1
15:12:21 | INFO: Extracting primitive: Cube.149
15:12:21 | INFO: Primitives created: 1
15:12:21 | INFO: Extracting primitive: Cube.150
15:12:21 | INFO: Primitives created: 1
15:12:21 | INFO: Extracting primitive: Cube.151
15:12:21 | INFO: Primitives created: 1
15:12:21 | INFO: Finished glTF 2.0 export in 0.025141239166259766 s

15:12:21 | INFO: Starting glTF 2.0 export
15:12:21 | INFO: Extracting primitive: Cube.170
15:12:21 | INFO: Primitives created: 1
15:12:21 | INFO: Extracting primitive: LeftFinger
15:12:21 | INFO: Primitives created: 1
15:12:21 | INFO: Extracting primitive: LeftFinger.001
15:12:21 | INFO: Primitives created: 1
15:12:21 | INFO: Extracting primitive: LeftFinger.002
15:12:21 | INFO: Primitives created: 1
15:12:21 | INFO: Extracting primitive: LeftFinger.003
15:12:21 | INFO: Primitives created: 1
15:12:21 | INFO: Extracting primitive: Sphere.010
15:12:21 | INFO: Primitives created: 1
15:12:21 | INFO: Extracting primitive: LeftThumb
15:12:21 | INFO: Primitives created: 1
15:12:21 | INFO: Extracting primitive: Cube.171
15:12:21 | INFO: Primitives created: 1
15:12:21 | INFO: Extracting primitive: RightFinger
15:12:21 | INFO: Primitives created: 1
15:12:21 | INFO: Extracting primitive: RightFinger.001
15:12:21 | INFO: Primitives created: 1
15:12:21 | INFO: Extracting primitive: RightFinger.002
15:12:21 | INFO: Primitives created: 1
15:12:21 | INFO: Extracting primitive: RightFinger.003
15:12:21 | INFO: Primitives created: 1
15:12:21 | INFO: Extracting primitive: Sphere.011
15:12:21 | INFO: Primitives created: 1
15:12:21 | INFO: Extracting primitive: RightThumb
15:12:21 | INFO: Primitives created: 1
15:12:21 | INFO: Finished glTF 2.0 export in 0.01426386833190918 s
/Users/frankqdwang/MLE/StoryOS-blender/scripts/build_library.py:260: DeprecationWarning: 'World.use_nodes' is expected to be removed in Blender 6.0
  world=bpy.context.scene.world;world.use_nodes=True;world.node_tree.nodes['Background'].inputs[0].default_value=(.07,.11,.19,1);world.node_tree.nodes['Background'].inputs[1].default_value=.24

Info: Packed 2 file(s)
Info: Saved as "storyos-library.blend"
STORYOS_ASSETS_READY {"blender": "5.2.1 LTS", "room": {"width": 9.6, "depth": 12, "height": 4.6}, "slots": [{"index": 0, "position": [-2.85, 1.25, -1.55], "yaw": 0}, {"index": 1, "position": [-2.02, 1.25, -3.52], "yaw": -0.15}, {"index": 2, "position": [2.02, 1.25, -3.52], "yaw": 0.15}, {"index": 3, "position": [3.02, 1.25, -1.22], "yaw": 0.22}, {"index": 4, "position": [3.02, 1.25, 1.34], "yaw": 0.32}], "materials": {"Timber": [0.37, 0.21, 0.105], "FloorWood": [0.54, 0.37, 0.215], "WarmPlaster": [0.54, 0.43, 0.32], "Stone": [0.2, 0.24, 0.255]}, "source": "scripts/build_library.py"}
Blender 5.2.1 LTS (hash 9e2066aef7ef built 2026-08-25 01:35:57)

Blender quit
