
> assets:hands
> blender --background --factory-startup --python-exit-code 1 --python scripts/build_makehuman_hands.py && python3 scripts/asset_manifest.py

00:00.593  blend            | Read blend: "/Users/frankqdwang/MLE/StoryOS-blender/assets/vendor/makehuman/base-human.blend"
/Users/frankqdwang/MLE/StoryOS-blender/scripts/build_makehuman_hands.py:27: DeprecationWarning: 'Material.use_nodes' is expected to be removed in Blender 6.0
  m=bpy.data.materials.new(name); m.diffuse_color=(*color,1); m.use_nodes=True
Info: Baking map saved to internal image, save it externally or pack it
Info: Baking map saved to internal image, save it externally or pack it
Info: Saved as "makehuman-hands.blend"
INFO Draco is available, use library at /Applications/Blender.app/Contents/Resources/5.2/scripts/addons_core/io_scene_gltf2/libbf_intern_draco_bridge.dylib
INFO MeshOptimizer is available, use library at /Applications/Blender.app/Contents/Resources/5.2/scripts/addons_core/io_scene_gltf2/libbf_intern_meshopt_bridge.dylib
18:23:07 | INFO: Starting glTF 2.0 export
18:23:07 | INFO: Extracting primitive: LeftBorderPiping
18:23:07 | INFO: Primitives created: 1
18:23:07 | INFO: Extracting primitive: LeftCelestialCuff
18:23:07 | INFO: Primitives created: 1
18:23:07 | INFO: Extracting primitive: LeftHemPiping
18:23:07 | INFO: Primitives created: 1
18:23:07 | INFO: Extracting primitive: LeftInnerSleeve
18:23:07 | INFO: Primitives created: 2
18:23:07 | INFO: Extracting primitive: LeftOuterRobe
18:23:07 | INFO: Primitives created: 2
18:23:07 | INFO: Extracting primitive: base.003
18:23:07 | INFO: Primitives created: 1
18:23:07 | WARNING: There are more than 4 joint vertex influences.The 4 with highest weight will be used (and normalized).
18:23:07 | INFO: Extracting primitive: RightBorderPiping
18:23:07 | INFO: Primitives created: 1
18:23:07 | INFO: Extracting primitive: RightCelestialCuff
18:23:07 | INFO: Primitives created: 1
18:23:07 | INFO: Extracting primitive: RightHemPiping
18:23:07 | INFO: Primitives created: 1
18:23:07 | INFO: Extracting primitive: RightInnerSleeve
18:23:07 | INFO: Primitives created: 2
18:23:07 | INFO: Extracting primitive: RightOuterRobe
18:23:07 | INFO: Primitives created: 2
18:23:07 | INFO: Extracting primitive: base.002
18:23:07 | INFO: Primitives created: 1
18:23:08 | INFO: Finished glTF 2.0 export in 0.4725010395050049 s

HANDS [('RightHand', 6859, 21), ('LeftHand', 6859, 21)]
Blender 5.2.1 LTS (hash 9e2066aef7ef built 2026-08-25 01:35:57)

Blender quit
{"assets": 15, "glb_bytes": 28019112}
