
> assets
> blender --background --factory-startup --python-exit-code 1 --python scripts/build_library.py && python3 scripts/asset_manifest.py

/Users/frankqdwang/MLE/StoryOS-blender/scripts/build_library.py:28: DeprecationWarning: 'Material.use_nodes' is expected to be removed in Blender 6.0
  m=bpy.data.materials.new(n);m.use_nodes=True
INFO Draco is available, use library at /Applications/Blender.app/Contents/Resources/5.2/scripts/addons_core/io_scene_gltf2/libbf_intern_draco_bridge.dylib
INFO MeshOptimizer is available, use library at /Applications/Blender.app/Contents/Resources/5.2/scripts/addons_core/io_scene_gltf2/libbf_intern_meshopt_bridge.dylib
16:49:45 | INFO: Starting glTF 2.0 export
16:49:45 | INFO: Extracting primitive: Cube.142
16:49:45 | INFO: Primitives created: 1
16:49:45 | INFO: Extracting primitive: Sphere.002
16:49:45 | INFO: Primitives created: 1
16:49:45 | INFO: Extracting primitive: Cube.108
16:49:45 | INFO: Primitives created: 1
16:49:45 | INFO: Extracting primitive: quill
16:49:45 | INFO: Primitives created: 1
16:49:45 | INFO: Extracting primitive: Cube.144
16:49:45 | INFO: Primitives created: 1
16:49:45 | INFO: Extracting primitive: Cube.001
16:49:45 | INFO: Primitives created: 1
16:49:45 | INFO: Extracting primitive: Sphere.009
16:49:45 | INFO: Primitives created: 1
16:49:45 | INFO: Extracting primitive: Sphere.003
16:49:45 | INFO: Primitives created: 1
16:49:45 | INFO: Extracting primitive: Cube.002
16:49:45 | INFO: Primitives created: 1
16:49:45 | INFO: Extracting primitive: mantel vase
16:49:45 | INFO: Primitives created: 1
16:49:45 | INFO: Extracting primitive: hearthside tapestry
16:49:45 | INFO: Primitives created: 1
16:49:45 | INFO: Extracting primitive: Sphere.004
16:49:45 | INFO: Primitives created: 1
16:49:45 | INFO: Extracting primitive: Cube.115
16:49:45 | INFO: Primitives created: 1
16:49:45 | INFO: Extracting primitive: fir branches
16:49:45 | INFO: Primitives created: 1
16:49:45 | INFO: Extracting primitive: fir branches.099
16:49:45 | INFO: Primitives created: 1
16:49:45 | INFO: Extracting primitive: Sphere
16:49:45 | INFO: Primitives created: 1
16:49:45 | INFO: Extracting primitive: Cube.125
16:49:45 | INFO: Primitives created: 1
16:49:45 | INFO: Extracting primitive: Cube.118
16:49:45 | INFO: Primitives created: 1
16:49:45 | INFO: Extracting primitive: Cube.143
16:49:45 | INFO: Primitives created: 1
16:49:45 | INFO: Extracting primitive: Cube.065
16:49:45 | INFO: Primitives created: 1
16:49:45 | INFO: Extracting primitive: Cube.062
16:49:45 | INFO: Primitives created: 1
16:49:45 | INFO: Extracting primitive: Cylinder.020
16:49:45 | INFO: Primitives created: 1
16:49:45 | INFO: Extracting primitive: Cube.233
16:49:45 | INFO: Primitives created: 1
16:49:45 | INFO: Extracting primitive: woven rug surface
16:49:45 | INFO: Primitives created: 1
16:49:45 | INFO: Finished glTF 2.0 export in 0.7821090221405029 s

16:49:46 | INFO: Starting glTF 2.0 export
16:49:46 | INFO: Extracting primitive: Cube.263
16:49:46 | INFO: Primitives created: 1
16:49:46 | INFO: Extracting primitive: Cube.264
16:49:46 | INFO: Primitives created: 1
16:49:46 | INFO: Extracting primitive: Cube.265
16:49:46 | INFO: Primitives created: 1
16:49:46 | INFO: Extracting primitive: Cube.281
16:49:46 | INFO: Primitives created: 1
16:49:46 | INFO: Extracting primitive: Cube.282
16:49:46 | INFO: Primitives created: 1
16:49:46 | INFO: Extracting primitive: Cube.283
16:49:46 | INFO: Primitives created: 1
16:49:46 | INFO: Extracting primitive: Cube.284
16:49:46 | INFO: Primitives created: 1
16:49:46 | INFO: Extracting primitive: Cube.277
16:49:46 | INFO: Primitives created: 1
16:49:46 | INFO: Extracting primitive: Cube.278
16:49:46 | INFO: Primitives created: 1
16:49:46 | INFO: Extracting primitive: Cube.279
16:49:46 | INFO: Primitives created: 1
16:49:46 | INFO: Extracting primitive: Cube.280
16:49:46 | INFO: Primitives created: 1
16:49:46 | INFO: Extracting primitive: Torus.013
16:49:46 | INFO: Primitives created: 1
16:49:46 | INFO: Extracting primitive: CoverStar
16:49:46 | INFO: Primitives created: 1
16:49:46 | INFO: Extracting primitive: CoverStar.001
16:49:46 | INFO: Primitives created: 1
16:49:46 | INFO: Extracting primitive: CoverStar.002
16:49:46 | INFO: Primitives created: 1
16:49:46 | INFO: Extracting primitive: CoverStar.003
16:49:46 | INFO: Primitives created: 1
16:49:46 | INFO: Extracting primitive: Cube.276
16:49:46 | INFO: Primitives created: 1
16:49:46 | INFO: Extracting primitive: Cube.270
16:49:46 | INFO: Primitives created: 1
16:49:46 | INFO: Extracting primitive: Cube.271
16:49:46 | INFO: Primitives created: 1
16:49:46 | INFO: Extracting primitive: Cube.272
16:49:46 | INFO: Primitives created: 1
16:49:46 | INFO: Extracting primitive: Cube.273
16:49:46 | INFO: Primitives created: 1
16:49:46 | INFO: Extracting primitive: Cube.274
16:49:46 | INFO: Primitives created: 1
16:49:46 | INFO: Extracting primitive: Cube.275
16:49:46 | INFO: Primitives created: 1
16:49:46 | INFO: Extracting primitive: Cube.285
16:49:46 | INFO: Primitives created: 1
16:49:46 | INFO: Extracting primitive: Cube.286
16:49:46 | INFO: Primitives created: 1
16:49:46 | INFO: Extracting primitive: Cube.287
16:49:46 | INFO: Primitives created: 1
16:49:46 | INFO: Extracting primitive: Cube.266
16:49:46 | INFO: Primitives created: 1
16:49:46 | INFO: Extracting primitive: Cube.267
16:49:46 | INFO: Primitives created: 1
16:49:46 | INFO: Extracting primitive: Cube.268
16:49:46 | INFO: Primitives created: 1
16:49:46 | INFO: Extracting primitive: Cube.269
16:49:46 | INFO: Primitives created: 1
16:49:46 | INFO: Finished glTF 2.0 export in 0.07797122001647949 s

16:49:46 | INFO: Starting glTF 2.0 export
16:49:46 | INFO: Extracting primitive: Cube.288
16:49:46 | INFO: Primitives created: 1
16:49:46 | INFO: Extracting primitive: LeftFinger
16:49:46 | INFO: Primitives created: 1
16:49:46 | INFO: Extracting primitive: LeftFinger.001
16:49:46 | INFO: Primitives created: 1
16:49:46 | INFO: Extracting primitive: LeftFinger.002
16:49:46 | INFO: Primitives created: 1
16:49:46 | INFO: Extracting primitive: LeftFinger.003
16:49:46 | INFO: Primitives created: 1
16:49:46 | INFO: Extracting primitive: Sphere.182
16:49:46 | INFO: Primitives created: 1
16:49:46 | INFO: Extracting primitive: LeftThumb
16:49:46 | INFO: Primitives created: 1
16:49:46 | INFO: Extracting primitive: Cube.289
16:49:46 | INFO: Primitives created: 1
16:49:46 | INFO: Extracting primitive: RightFinger
16:49:46 | INFO: Primitives created: 1
16:49:46 | INFO: Extracting primitive: RightFinger.001
16:49:46 | INFO: Primitives created: 1
16:49:46 | INFO: Extracting primitive: RightFinger.002
16:49:46 | INFO: Primitives created: 1
16:49:46 | INFO: Extracting primitive: RightFinger.003
16:49:46 | INFO: Primitives created: 1
16:49:46 | INFO: Extracting primitive: Sphere.183
16:49:46 | INFO: Primitives created: 1
16:49:46 | INFO: Extracting primitive: RightThumb
16:49:46 | INFO: Primitives created: 1
16:49:46 | INFO: Finished glTF 2.0 export in 0.024933815002441406 s
/Users/frankqdwang/MLE/StoryOS-blender/scripts/build_library.py:465: DeprecationWarning: 'World.use_nodes' is expected to be removed in Blender 6.0
  world=bpy.context.scene.world;world.use_nodes=True;next(n for n in world.node_tree.nodes if n.type=='BACKGROUND').inputs[0].default_value=(.07,.11,.19,1);next(n for n in world.node_tree.nodes if n.type=='BACKGROUND').inputs[1].default_value=.24

Info: Packed 3 file(s)
Info: Saved as "storyos-library.blend"
STORYOS_ASSETS_READY {"version": "0.1.3-preview.1", "baseVersion": "v0.1.0-baseline", "change": "Selected A hearth study: side writing nook, lighter reading stands, open center and layered materials/light.", "blender": "5.2.1 LTS", "room": {"width": 9.6, "depth": 12, "height": 4.6}, "slots": [{"index": 0, "position": [-3.65, 1.25, 2.0], "yaw": 0.3490658503988659}, {"index": 1, "position": [-3.2, 1.25, -2.4], "yaw": 0}, {"index": 2, "position": [3.5, 1.25, -2.2], "yaw": 0}, {"index": 3, "position": [3.55, 1.25, -0.15], "yaw": -0.17453292519943295}, {"index": 4, "position": [3.65, 1.25, 1.95], "yaw": -0.3490658503988659}], "layoutSource": "apps/web/src/room-layout.json", "layout": {"version": "0.1.3-preview.1", "units": "metres; x right, y up, negative z toward window", "room": {"minX": -4.33, "maxX": 4.33, "minZ": -4.16, "maxZ": 6.95, "height": 4.6}, "navigation": {"bodyRadius": 0.25, "eyeHeight": 1.7, "speed": 2}, "home": {"position": [0, 2.2, 6.65], "lookAt": [0, 1.1, -1.6]}, "slots": [{"position": [-3.65, 1.25, 2.0], "yaw": 0.3490658503988659}, {"position": [-3.2, 1.25, -2.4], "yaw": 0}, {"position": [3.5, 1.25, -2.2], "yaw": 0}, {"position": [3.55, 1.25, -0.15], "yaw": -0.17453292519943295}, {"position": [3.65, 1.25, 1.95], "yaw": -0.3490658503988659}], "lectern": {"halfSize": [0.54, 0.51]}, "table": {"center": [0, 0.6], "radius": 1.06, "topHeight": 1.1}, "rug": {"center": [0, 0.6], "size": [4.35, 3.5]}, "fixtures": [{"id": "hearth", "center": [-4.14, -0.9], "halfSize": [0.565, 0.925], "yaw": 0}, {"id": "desk", "center": [2.2, -3.66], "halfSize": [1.3, 0.59], "yaw": 0}, {"id": "chair", "center": [2.05, -2.8], "halfSize": [0.41, 0.46], "yaw": 0}, {"id": "hearth-tools", "center": [-4.0, -2.08], "halfSize": [0.22, 0.19], "yaw": 0}, {"id": "log-basket", "center": [-4.05, 0.4], "halfSize": [0.31, 0.3], "yaw": 0}, {"id": "floor-vase", "center": [-2.35, -3.93], "halfSize": [0.25, 0.25], "yaw": 0}]}, "visualTarget": "design/round-05/A-hearth-study/final.png", "materials": {"Timber": [0.37, 0.21, 0.105], "ReadingWood": [0.47, 0.29, 0.15], "FloorWood": [0.54, 0.37, 0.215], "WarmPlaster": [0.54, 0.43, 0.32], "Stone": [0.2, 0.24, 0.255]}, "source": "scripts/build_library.py"}
Blender 5.2.1 LTS (hash 9e2066aef7ef built 2026-08-25 01:35:57)

Blender quit
{"assets": 7, "glb_bytes": 12284076}
